  Determining projects to restore...
  All projects are up-to-date for restore.
/home/gadmin/it_system_new_gen/Services/IProcurementBusinessLogicService.cs(63,86): warning CS8625: Cannot convert null literal to non-nullable reference type. [/home/gadmin/it_system_new_gen/HospitalAssetTracker.csproj]
/home/gadmin/it_system_new_gen/Services/ProcurementBusinessLogicService.cs(411,99): warning CS8625: Cannot convert null literal to non-nullable reference type. [/home/gadmin/it_system_new_gen/HospitalAssetTracker.csproj]
/home/gadmin/it_system_new_gen/Controllers/ProcurementDashboardController.cs(60,37): warning CS8601: Possible null reference assignment. [/home/gadmin/it_system_new_gen/HospitalAssetTracker.csproj]
/home/gadmin/it_system_new_gen/Controllers/RequestsController.cs(58,69): warning CS8604: Possible null reference argument for parameter 'userId' in 'Task<List<ITRequest>> IRequestService.GetMyRequestsAsync(string userId)'. [/home/gadmin/it_system_new_gen/HospitalAssetTracker.csproj]
/home/gadmin/it_system_new_gen/Controllers/RequestDashboardController.cs(58,79): warning CS8604: Possible null reference argument for parameter 'userId' in 'Task<List<ITRequest>> IRequestService.GetMyRequestsAsync(string userId)'. [/home/gadmin/it_system_new_gen/HospitalAssetTracker.csproj]
/home/gadmin/it_system_new_gen/Controllers/RequestsController.cs(67,75): warning CS8604: Possible null reference argument for parameter 'userId' in 'Task<List<ITRequest>> IRequestService.GetAssignedRequestsAsync(string userId)'. [/home/gadmin/it_system_new_gen/HospitalAssetTracker.csproj]
/home/gadmin/it_system_new_gen/Controllers/RequestsController.cs(82,62): warning CS8604: Possible null reference argument for parameter 'user' in 'Task<IList<string>> UserManager<ApplicationUser>.GetRolesAsync(ApplicationUser user)'. [/home/gadmin/it_system_new_gen/HospitalAssetTracker.csproj]
/home/gadmin/it_system_new_gen/Views/AssetImport/Results.cshtml(51,24): warning CS8604: Possible null reference argument for parameter 'source' in 'IEnumerable<AssetImportResult> Enumerable.Where<AssetImportResult>(IEnumerable<AssetImportResult> source, Func<AssetImportResult, bool> predicate)'. [/home/gadmin/it_system_new_gen/HospitalAssetTracker.csproj]
/home/gadmin/it_system_new_gen/Controllers/RequestsController.cs(114,71): warning CS8604: Possible null reference argument for parameter 'userId' in 'Task<ITRequest> IRequestService.CreateRequestAsync(ITRequest request, string userId)'. [/home/gadmin/it_system_new_gen/HospitalAssetTracker.csproj]
/home/gadmin/it_system_new_gen/Controllers/ProcurementDashboardController.cs(112,110): warning CS8604: Possible null reference argument for parameter 'initiatedByUserId' in 'Task<CostOptimizationResult> IProcurementBusinessLogicService.ExecuteCostOptimizationAsync(string initiatedByUserId)'. [/home/gadmin/it_system_new_gen/HospitalAssetTracker.csproj]
/home/gadmin/it_system_new_gen/Controllers/RequestDashboardController.cs(125,107): warning CS8604: Possible null reference argument for parameter 'routedByUserId' in 'Task<RequestRoutingResult> IRequestBusinessLogicService.RouteRequestIntelligentlyAsync(int requestId, string routedByUserId)'. [/home/gadmin/it_system_new_gen/HospitalAssetTracker.csproj]
/home/gadmin/it_system_new_gen/Controllers/RequestsController.cs(140,62): warning CS8604: Possible null reference argument for parameter 'user' in 'Task<IList<string>> UserManager<ApplicationUser>.GetRolesAsync(ApplicationUser user)'. [/home/gadmin/it_system_new_gen/HospitalAssetTracker.csproj]
/home/gadmin/it_system_new_gen/Controllers/ReportsController.cs(166,37): warning CS8629: Nullable value type may be null. [/home/gadmin/it_system_new_gen/HospitalAssetTracker.csproj]
/home/gadmin/it_system_new_gen/Controllers/ProcurementController.cs(119,90): warning CS8604: Possible null reference argument for parameter 'userId' in 'Task<ProcurementRequest> IProcurementService.CreateProcurementRequestAsync(ProcurementRequest procurement, string userId)'. [/home/gadmin/it_system_new_gen/HospitalAssetTracker.csproj]
/home/gadmin/it_system_new_gen/Controllers/ProcurementDashboardController.cs(208,117): warning CS8604: Possible null reference argument for parameter 'processorUserId' in 'Task<EmergencyProcurementResult> IProcurementBusinessLogicService.ProcessEmergencyProcurementAsync(EmergencyProcurementRequest request, string processorUserId)'. [/home/gadmin/it_system_new_gen/HospitalAssetTracker.csproj]
/home/gadmin/it_system_new_gen/Controllers/RequestsController.cs(174,71): warning CS8604: Possible null reference argument for parameter 'userId' in 'Task<ITRequest> IRequestService.UpdateRequestAsync(ITRequest request, string userId)'. [/home/gadmin/it_system_new_gen/HospitalAssetTracker.csproj]
/home/gadmin/it_system_new_gen/Controllers/RequestsController.cs(198,94): warning CS8604: Possible null reference argument for parameter 'currentUserId' in 'Task<bool> IRequestService.AssignRequestAsync(int requestId, string assignedToUserId, string currentUserId)'. [/home/gadmin/it_system_new_gen/HospitalAssetTracker.csproj]
/home/gadmin/it_system_new_gen/Controllers/RequestDashboardController.cs(186,112): warning CS8604: Possible null reference argument for parameter 'initiatedByUserId' in 'Task<ResourceOptimizationResult> IRequestBusinessLogicService.OptimizeResourceUtilizationAsync(string initiatedByUserId)'. [/home/gadmin/it_system_new_gen/HospitalAssetTracker.csproj]
/home/gadmin/it_system_new_gen/Controllers/RequestsController.cs(226,77): warning CS8604: Possible null reference argument for parameter 'approverId' in 'Task<bool> IRequestService.ApproveRequestAsync(int requestId, string approverId, string? comments = null)'. [/home/gadmin/it_system_new_gen/HospitalAssetTracker.csproj]
/home/gadmin/it_system_new_gen/Views/Assets/History.cshtml(9,44): warning CS8602: Dereference of a possibly null reference. [/home/gadmin/it_system_new_gen/HospitalAssetTracker.csproj]
/home/gadmin/it_system_new_gen/Controllers/RequestsController.cs(254,78): warning CS8604: Possible null reference argument for parameter 'completedById' in 'Task<bool> IRequestService.CompleteRequestAsync(int requestId, string completedById, string? completionNotes = null)'. [/home/gadmin/it_system_new_gen/HospitalAssetTracker.csproj]
/home/gadmin/it_system_new_gen/Controllers/ProcurementController.cs(174,90): warning CS8604: Possible null reference argument for parameter 'userId' in 'Task<ProcurementRequest> IProcurementService.UpdateProcurementRequestAsync(ProcurementRequest procurement, string userId)'. [/home/gadmin/it_system_new_gen/HospitalAssetTracker.csproj]
/home/gadmin/it_system_new_gen/Services/AuditService.cs(84,21): warning CS8602: Dereference of a possibly null reference. [/home/gadmin/it_system_new_gen/HospitalAssetTracker.csproj]
/home/gadmin/it_system_new_gen/Controllers/RequestDashboardController.cs(230,104): warning CS8604: Possible null reference argument for parameter 'initiatedByUserId' in 'Task<ResourceOptimizationResult> IRequestBusinessLogicService.OptimizeResourceUtilizationAsync(string initiatedByUserId)'. [/home/gadmin/it_system_new_gen/HospitalAssetTracker.csproj]
/home/gadmin/it_system_new_gen/Controllers/ProcurementController.cs(197,84): warning CS8604: Possible null reference argument for parameter 'userId' in 'Task<bool> IProcurementService.SubmitForApprovalAsync(int procurementId, string userId)'. [/home/gadmin/it_system_new_gen/HospitalAssetTracker.csproj]
/home/gadmin/it_system_new_gen/Controllers/ProcurementController.cs(225,85): warning CS8604: Possible null reference argument for parameter 'approverId' in 'Task<bool> IProcurementService.ApproveProcurementAsync(int procurementId, string approverId, string? comments = null)'. [/home/gadmin/it_system_new_gen/HospitalAssetTracker.csproj]
/home/gadmin/it_system_new_gen/Controllers/WarehouseDashboardController.cs(328,59): warning CS1998: This async method lacks 'await' operators and will run synchronously. Consider using the 'await' operator to await non-blocking API calls, or 'await Task.Run(...)' to do CPU-bound work on a background thread. [/home/gadmin/it_system_new_gen/HospitalAssetTracker.csproj]
/home/gadmin/it_system_new_gen/Controllers/WarehouseDashboardController.cs(334,44): warning CS1998: This async method lacks 'await' operators and will run synchronously. Consider using the 'await' operator to await non-blocking API calls, or 'await Task.Run(...)' to do CPU-bound work on a background thread. [/home/gadmin/it_system_new_gen/HospitalAssetTracker.csproj]
/home/gadmin/it_system_new_gen/Controllers/ProcurementController.cs(286,89): warning CS8604: Possible null reference argument for parameter 'receivedById' in 'Task<bool> IProcurementService.ReceiveProcurementAsync(int procurementId, string receivedById, List<ProcurementItemReceived> receivedItems)'. [/home/gadmin/it_system_new_gen/HospitalAssetTracker.csproj]
/home/gadmin/it_system_new_gen/Controllers/WarehouseDashboardController.cs(345,49): warning CS1998: This async method lacks 'await' operators and will run synchronously. Consider using the 'await' operator to await non-blocking API calls, or 'await Task.Run(...)' to do CPU-bound work on a background thread. [/home/gadmin/it_system_new_gen/HospitalAssetTracker.csproj]
/home/gadmin/it_system_new_gen/Controllers/RequestDashboardController.cs(327,112): warning CS8604: Possible null reference argument for parameter 'orchestratorUserId' in 'Task<IntegrationOrchestrationResult> IRequestBusinessLogicService.OrchestrateCrossModuleWorkflowAsync(int requestId, string orchestratorUserId)'. [/home/gadmin/it_system_new_gen/HospitalAssetTracker.csproj]
/home/gadmin/it_system_new_gen/Controllers/ProcurementController.cs(338,73): warning CS8604: Possible null reference argument for parameter 'userId' in 'Task<Vendor> IProcurementService.CreateVendorAsync(Vendor vendor, string userId)'. [/home/gadmin/it_system_new_gen/HospitalAssetTracker.csproj]
/home/gadmin/it_system_new_gen/Services/AssetBusinessLogicService.cs(150,59): warning CS1998: This async method lacks 'await' operators and will run synchronously. Consider using the 'await' operator to await non-blocking API calls, or 'await Task.Run(...)' to do CPU-bound work on a background thread. [/home/gadmin/it_system_new_gen/HospitalAssetTracker.csproj]
/home/gadmin/it_system_new_gen/Controllers/AssetsController.cs(191,34): warning CS8601: Possible null reference assignment. [/home/gadmin/it_system_new_gen/HospitalAssetTracker.csproj]
/home/gadmin/it_system_new_gen/Controllers/AssetsController.cs(195,33): warning CS8601: Possible null reference assignment. [/home/gadmin/it_system_new_gen/HospitalAssetTracker.csproj]
/home/gadmin/it_system_new_gen/Views/Procurement/Index.cshtml(25,43): warning CS8602: Dereference of a possibly null reference. [/home/gadmin/it_system_new_gen/HospitalAssetTracker.csproj]
/home/gadmin/it_system_new_gen/Views/Procurement/Index.cshtml(35,45): warning CS8602: Dereference of a possibly null reference. [/home/gadmin/it_system_new_gen/HospitalAssetTracker.csproj]
/home/gadmin/it_system_new_gen/Views/Procurement/Index.cshtml(45,47): warning CS8602: Dereference of a possibly null reference. [/home/gadmin/it_system_new_gen/HospitalAssetTracker.csproj]
/home/gadmin/it_system_new_gen/Views/Procurement/Index.cshtml(55,45): warning CS8602: Dereference of a possibly null reference. [/home/gadmin/it_system_new_gen/HospitalAssetTracker.csproj]
/home/gadmin/it_system_new_gen/Views/Requests/Index.cshtml(25,43): warning CS8602: Dereference of a possibly null reference. [/home/gadmin/it_system_new_gen/HospitalAssetTracker.csproj]
/home/gadmin/it_system_new_gen/Views/Requests/Index.cshtml(35,45): warning CS8602: Dereference of a possibly null reference. [/home/gadmin/it_system_new_gen/HospitalAssetTracker.csproj]
/home/gadmin/it_system_new_gen/Views/Requests/Index.cshtml(45,47): warning CS8602: Dereference of a possibly null reference. [/home/gadmin/it_system_new_gen/HospitalAssetTracker.csproj]
/home/gadmin/it_system_new_gen/Services/AssetBusinessLogicService.cs(258,33): warning CS1998: This async method lacks 'await' operators and will run synchronously. Consider using the 'await' operator to await non-blocking API calls, or 'await Task.Run(...)' to do CPU-bound work on a background thread. [/home/gadmin/it_system_new_gen/HospitalAssetTracker.csproj]
/home/gadmin/it_system_new_gen/Services/AssetBusinessLogicService.cs(275,35): warning CS1998: This async method lacks 'await' operators and will run synchronously. Consider using the 'await' operator to await non-blocking API calls, or 'await Task.Run(...)' to do CPU-bound work on a background thread. [/home/gadmin/it_system_new_gen/HospitalAssetTracker.csproj]
/home/gadmin/it_system_new_gen/Services/AssetBusinessLogicService.cs(292,35): warning CS1998: This async method lacks 'await' operators and will run synchronously. Consider using the 'await' operator to await non-blocking API calls, or 'await Task.Run(...)' to do CPU-bound work on a background thread. [/home/gadmin/it_system_new_gen/HospitalAssetTracker.csproj]
/home/gadmin/it_system_new_gen/Views/Assets/Maintenance.cshtml(184,50): warning CS8629: Nullable value type may be null. [/home/gadmin/it_system_new_gen/HospitalAssetTracker.csproj]
/home/gadmin/it_system_new_gen/Views/Assets/Maintenance.cshtml(201,142): warning CS8629: Nullable value type may be null. [/home/gadmin/it_system_new_gen/HospitalAssetTracker.csproj]
/home/gadmin/it_system_new_gen/Views/Assets/Index.cshtml(29,43): warning CS8602: Dereference of a possibly null reference. [/home/gadmin/it_system_new_gen/HospitalAssetTracker.csproj]
/home/gadmin/it_system_new_gen/Views/Assets/Index.cshtml(39,43): warning CS8602: Dereference of a possibly null reference. [/home/gadmin/it_system_new_gen/HospitalAssetTracker.csproj]
/home/gadmin/it_system_new_gen/Views/Assets/Index.cshtml(49,43): warning CS8602: Dereference of a possibly null reference. [/home/gadmin/it_system_new_gen/HospitalAssetTracker.csproj]
/home/gadmin/it_system_new_gen/Services/AssetBusinessLogicService.cs(339,35): warning CS1998: This async method lacks 'await' operators and will run synchronously. Consider using the 'await' operator to await non-blocking API calls, or 'await Task.Run(...)' to do CPU-bound work on a background thread. [/home/gadmin/it_system_new_gen/HospitalAssetTracker.csproj]
/home/gadmin/it_system_new_gen/Services/WriteOffService.cs(298,96): warning CS8629: Nullable value type may be null. [/home/gadmin/it_system_new_gen/HospitalAssetTracker.csproj]
/home/gadmin/it_system_new_gen/Services/WriteOffService.cs(299,92): warning CS8629: Nullable value type may be null. [/home/gadmin/it_system_new_gen/HospitalAssetTracker.csproj]
/home/gadmin/it_system_new_gen/Services/AssetBusinessLogicService.cs(542,46): error CS0029: Cannot implicitly convert type 'System.Collections.Generic.List<HospitalAssetTracker.Models.AssetOptimizationOpportunity>' to 'System.Collections.Generic.List<HospitalAssetTracker.Models.UnderutilizedAsset>' [/home/gadmin/it_system_new_gen/HospitalAssetTracker.csproj]
/home/gadmin/it_system_new_gen/Services/AssetBusinessLogicService.cs(555,46): error CS0029: Cannot implicitly convert type 'System.Collections.Generic.List<HospitalAssetTracker.Models.AssetOptimizationOpportunity>' to 'System.Collections.Generic.List<HospitalAssetTracker.Models.OverDemandScenario>' [/home/gadmin/it_system_new_gen/HospitalAssetTracker.csproj]
/home/gadmin/it_system_new_gen/Services/AssetBusinessLogicService.cs(567,54): error CS0029: Cannot implicitly convert type 'System.Collections.Generic.List<HospitalAssetTracker.Models.UtilizationOptimizationRecommendation>' to 'System.Collections.Generic.List<HospitalAssetTracker.Models.AssetOptimizationOpportunity>' [/home/gadmin/it_system_new_gen/HospitalAssetTracker.csproj]
/home/gadmin/it_system_new_gen/Services/AssetBusinessLogicService.cs(571,84): error CS1503: Argument 1: cannot convert from 'System.Collections.Generic.List<HospitalAssetTracker.Models.AssetOptimizationOpportunity>' to 'System.Collections.Generic.List<HospitalAssetTracker.Models.UtilizationOptimizationRecommendation>' [/home/gadmin/it_system_new_gen/HospitalAssetTracker.csproj]
/home/gadmin/it_system_new_gen/Services/AssetBusinessLogicService.cs(572,81): error CS1503: Argument 1: cannot convert from 'System.Collections.Generic.List<HospitalAssetTracker.Models.AssetOptimizationOpportunity>' to 'System.Collections.Generic.List<HospitalAssetTracker.Models.UtilizationOptimizationRecommendation>' [/home/gadmin/it_system_new_gen/HospitalAssetTracker.csproj]
/home/gadmin/it_system_new_gen/Services/ProcurementService.cs(41,40): warning CS8602: Dereference of a possibly null reference. [/home/gadmin/it_system_new_gen/HospitalAssetTracker.csproj]
/home/gadmin/it_system_new_gen/Services/ProcurementService.cs(91,81): warning CS8602: Dereference of a possibly null reference. [/home/gadmin/it_system_new_gen/HospitalAssetTracker.csproj]
/home/gadmin/it_system_new_gen/Services/ProcurementService.cs(91,117): warning CS8602: Dereference of a possibly null reference. [/home/gadmin/it_system_new_gen/HospitalAssetTracker.csproj]
/home/gadmin/it_system_new_gen/Services/RequestBusinessLogicService.cs(237,48): error CS1503: Argument 1: cannot convert from 'HospitalAssetTracker.Models.RequestCategoryForecast' to 'HospitalAssetTracker.Models.CategoryDemandForecast' [/home/gadmin/it_system_new_gen/HospitalAssetTracker.csproj]
/home/gadmin/it_system_new_gen/Services/RequestBusinessLogicService.cs(241,75): error CS1503: Argument 1: cannot convert from 'System.Collections.Generic.List<HospitalAssetTracker.Models.CategoryDemandForecast>' to 'System.Collections.Generic.List<HospitalAssetTracker.Models.RequestCategoryForecast>' [/home/gadmin/it_system_new_gen/HospitalAssetTracker.csproj]
/home/gadmin/it_system_new_gen/Services/RequestBusinessLogicService.cs(265,39): error CS0029: Cannot implicitly convert type 'HospitalAssetTracker.Models.WorkloadAnalysisResult' to 'HospitalAssetTracker.Models.WorkloadAnalysis' [/home/gadmin/it_system_new_gen/HospitalAssetTracker.csproj]
/home/gadmin/it_system_new_gen/Services/RequestBusinessLogicService.cs(276,75): error CS1503: Argument 1: cannot convert from 'HospitalAssetTracker.Models.WorkloadRebalancingPlan' to 'HospitalAssetTracker.Models.ResourceOptimizationResult' [/home/gadmin/it_system_new_gen/HospitalAssetTracker.csproj]
/home/gadmin/it_system_new_gen/Services/AssetBusinessLogicService.cs(686,50): error CS0029: Cannot implicitly convert type 'string' to 'System.Collections.Generic.List<string>' [/home/gadmin/it_system_new_gen/HospitalAssetTracker.csproj]
/home/gadmin/it_system_new_gen/Services/AssetBusinessLogicService.cs(747,50): error CS0029: Cannot implicitly convert type 'string' to 'System.Collections.Generic.List<string>' [/home/gadmin/it_system_new_gen/HospitalAssetTracker.csproj]
/home/gadmin/it_system_new_gen/Services/WriteOffService.cs(326,96): warning CS8629: Nullable value type may be null. [/home/gadmin/it_system_new_gen/HospitalAssetTracker.csproj]
/home/gadmin/it_system_new_gen/Services/WriteOffService.cs(327,92): warning CS8629: Nullable value type may be null. [/home/gadmin/it_system_new_gen/HospitalAssetTracker.csproj]
/home/gadmin/it_system_new_gen/Services/AssetBusinessLogicService.cs(886,54): warning CS1998: This async method lacks 'await' operators and will run synchronously. Consider using the 'await' operator to await non-blocking API calls, or 'await Task.Run(...)' to do CPU-bound work on a background thread. [/home/gadmin/it_system_new_gen/HospitalAssetTracker.csproj]
/home/gadmin/it_system_new_gen/Services/AssetBusinessLogicService.cs(895,59): warning CS1998: This async method lacks 'await' operators and will run synchronously. Consider using the 'await' operator to await non-blocking API calls, or 'await Task.Run(...)' to do CPU-bound work on a background thread. [/home/gadmin/it_system_new_gen/HospitalAssetTracker.csproj]
/home/gadmin/it_system_new_gen/Services/AssetBusinessLogicService.cs(906,54): warning CS1998: This async method lacks 'await' operators and will run synchronously. Consider using the 'await' operator to await non-blocking API calls, or 'await Task.Run(...)' to do CPU-bound work on a background thread. [/home/gadmin/it_system_new_gen/HospitalAssetTracker.csproj]
/home/gadmin/it_system_new_gen/Services/AssetBusinessLogicService.cs(911,59): warning CS1998: This async method lacks 'await' operators and will run synchronously. Consider using the 'await' operator to await non-blocking API calls, or 'await Task.Run(...)' to do CPU-bound work on a background thread. [/home/gadmin/it_system_new_gen/HospitalAssetTracker.csproj]
/home/gadmin/it_system_new_gen/Services/AssetBusinessLogicService.cs(916,58): warning CS1998: This async method lacks 'await' operators and will run synchronously. Consider using the 'await' operator to await non-blocking API calls, or 'await Task.Run(...)' to do CPU-bound work on a background thread. [/home/gadmin/it_system_new_gen/HospitalAssetTracker.csproj]
/home/gadmin/it_system_new_gen/Services/RequestBusinessLogicService.cs(443,60): error CS1503: Argument 2: cannot convert from 'HospitalAssetTracker.Models.IntegrationResult' to 'HospitalAssetTracker.Models.ModuleIntegrationResult' [/home/gadmin/it_system_new_gen/HospitalAssetTracker.csproj]
/home/gadmin/it_system_new_gen/Services/RequestBusinessLogicService.cs(448,60): error CS1503: Argument 2: cannot convert from 'HospitalAssetTracker.Models.IntegrationResult' to 'HospitalAssetTracker.Models.ModuleIntegrationResult' [/home/gadmin/it_system_new_gen/HospitalAssetTracker.csproj]
/home/gadmin/it_system_new_gen/Services/RequestBusinessLogicService.cs(454,66): error CS1503: Argument 2: cannot convert from 'HospitalAssetTracker.Models.IntegrationResult' to 'HospitalAssetTracker.Models.ModuleIntegrationResult' [/home/gadmin/it_system_new_gen/HospitalAssetTracker.csproj]
/home/gadmin/it_system_new_gen/Services/AssetBusinessLogicService.cs(921,61): warning CS1998: This async method lacks 'await' operators and will run synchronously. Consider using the 'await' operator to await non-blocking API calls, or 'await Task.Run(...)' to do CPU-bound work on a background thread. [/home/gadmin/it_system_new_gen/HospitalAssetTracker.csproj]
/home/gadmin/it_system_new_gen/Services/AssetBusinessLogicService.cs(926,61): warning CS1998: This async method lacks 'await' operators and will run synchronously. Consider using the 'await' operator to await non-blocking API calls, or 'await Task.Run(...)' to do CPU-bound work on a background thread. [/home/gadmin/it_system_new_gen/HospitalAssetTracker.csproj]
/home/gadmin/it_system_new_gen/Services/AssetBusinessLogicService.cs(931,58): warning CS1998: This async method lacks 'await' operators and will run synchronously. Consider using the 'await' operator to await non-blocking API calls, or 'await Task.Run(...)' to do CPU-bound work on a background thread. [/home/gadmin/it_system_new_gen/HospitalAssetTracker.csproj]
/home/gadmin/it_system_new_gen/Services/AssetBusinessLogicService.cs(936,54): warning CS1998: This async method lacks 'await' operators and will run synchronously. Consider using the 'await' operator to await non-blocking API calls, or 'await Task.Run(...)' to do CPU-bound work on a background thread. [/home/gadmin/it_system_new_gen/HospitalAssetTracker.csproj]
/home/gadmin/it_system_new_gen/Services/AssetBusinessLogicService.cs(941,52): warning CS1998: This async method lacks 'await' operators and will run synchronously. Consider using the 'await' operator to await non-blocking API calls, or 'await Task.Run(...)' to do CPU-bound work on a background thread. [/home/gadmin/it_system_new_gen/HospitalAssetTracker.csproj]
/home/gadmin/it_system_new_gen/Services/AssetBusinessLogicService.cs(946,50): warning CS1998: This async method lacks 'await' operators and will run synchronously. Consider using the 'await' operator to await non-blocking API calls, or 'await Task.Run(...)' to do CPU-bound work on a background thread. [/home/gadmin/it_system_new_gen/HospitalAssetTracker.csproj]
/home/gadmin/it_system_new_gen/Services/AssetBusinessLogicService.cs(951,61): warning CS1998: This async method lacks 'await' operators and will run synchronously. Consider using the 'await' operator to await non-blocking API calls, or 'await Task.Run(...)' to do CPU-bound work on a background thread. [/home/gadmin/it_system_new_gen/HospitalAssetTracker.csproj]
/home/gadmin/it_system_new_gen/Services/RequestBusinessLogicService.cs(533,33): warning CS1998: This async method lacks 'await' operators and will run synchronously. Consider using the 'await' operator to await non-blocking API calls, or 'await Task.Run(...)' to do CPU-bound work on a background thread. [/home/gadmin/it_system_new_gen/HospitalAssetTracker.csproj]
/home/gadmin/it_system_new_gen/Services/AssetBusinessLogicService.cs(956,48): warning CS1998: This async method lacks 'await' operators and will run synchronously. Consider using the 'await' operator to await non-blocking API calls, or 'await Task.Run(...)' to do CPU-bound work on a background thread. [/home/gadmin/it_system_new_gen/HospitalAssetTracker.csproj]
/home/gadmin/it_system_new_gen/Services/AssetBusinessLogicService.cs(961,55): warning CS1998: This async method lacks 'await' operators and will run synchronously. Consider using the 'await' operator to await non-blocking API calls, or 'await Task.Run(...)' to do CPU-bound work on a background thread. [/home/gadmin/it_system_new_gen/HospitalAssetTracker.csproj]
/home/gadmin/it_system_new_gen/Services/AssetBusinessLogicService.cs(970,53): warning CS1998: This async method lacks 'await' operators and will run synchronously. Consider using the 'await' operator to await non-blocking API calls, or 'await Task.Run(...)' to do CPU-bound work on a background thread. [/home/gadmin/it_system_new_gen/HospitalAssetTracker.csproj]
/home/gadmin/it_system_new_gen/Services/AssetBusinessLogicService.cs(975,54): warning CS1998: This async method lacks 'await' operators and will run synchronously. Consider using the 'await' operator to await non-blocking API calls, or 'await Task.Run(...)' to do CPU-bound work on a background thread. [/home/gadmin/it_system_new_gen/HospitalAssetTracker.csproj]
/home/gadmin/it_system_new_gen/Services/AssetBusinessLogicService.cs(980,54): warning CS1998: This async method lacks 'await' operators and will run synchronously. Consider using the 'await' operator to await non-blocking API calls, or 'await Task.Run(...)' to do CPU-bound work on a background thread. [/home/gadmin/it_system_new_gen/HospitalAssetTracker.csproj]
/home/gadmin/it_system_new_gen/Services/AssetBusinessLogicService.cs(1006,65): warning CS1998: This async method lacks 'await' operators and will run synchronously. Consider using the 'await' operator to await non-blocking API calls, or 'await Task.Run(...)' to do CPU-bound work on a background thread. [/home/gadmin/it_system_new_gen/HospitalAssetTracker.csproj]
/home/gadmin/it_system_new_gen/Services/RequestBusinessLogicService.cs(590,42): warning CS1998: This async method lacks 'await' operators and will run synchronously. Consider using the 'await' operator to await non-blocking API calls, or 'await Task.Run(...)' to do CPU-bound work on a background thread. [/home/gadmin/it_system_new_gen/HospitalAssetTracker.csproj]
/home/gadmin/it_system_new_gen/Services/AssetBusinessLogicService.cs(1079,36): warning CS1998: This async method lacks 'await' operators and will run synchronously. Consider using the 'await' operator to await non-blocking API calls, or 'await Task.Run(...)' to do CPU-bound work on a background thread. [/home/gadmin/it_system_new_gen/HospitalAssetTracker.csproj]
/home/gadmin/it_system_new_gen/Services/AssetBusinessLogicService.cs(1093,53): warning CS1998: This async method lacks 'await' operators and will run synchronously. Consider using the 'await' operator to await non-blocking API calls, or 'await Task.Run(...)' to do CPU-bound work on a background thread. [/home/gadmin/it_system_new_gen/HospitalAssetTracker.csproj]
/home/gadmin/it_system_new_gen/Services/AssetBusinessLogicService.cs(1098,57): warning CS1998: This async method lacks 'await' operators and will run synchronously. Consider using the 'await' operator to await non-blocking API calls, or 'await Task.Run(...)' to do CPU-bound work on a background thread. [/home/gadmin/it_system_new_gen/HospitalAssetTracker.csproj]
/home/gadmin/it_system_new_gen/Services/AssetBusinessLogicService.cs(1103,56): warning CS1998: This async method lacks 'await' operators and will run synchronously. Consider using the 'await' operator to await non-blocking API calls, or 'await Task.Run(...)' to do CPU-bound work on a background thread. [/home/gadmin/it_system_new_gen/HospitalAssetTracker.csproj]
/home/gadmin/it_system_new_gen/Services/AssetBusinessLogicService.cs(1108,36): warning CS1998: This async method lacks 'await' operators and will run synchronously. Consider using the 'await' operator to await non-blocking API calls, or 'await Task.Run(...)' to do CPU-bound work on a background thread. [/home/gadmin/it_system_new_gen/HospitalAssetTracker.csproj]
/home/gadmin/it_system_new_gen/Services/RequestBusinessLogicService.cs(772,17): error CS0019: Operator '>' cannot be applied to operands of type 'double' and 'TimeSpan' [/home/gadmin/it_system_new_gen/HospitalAssetTracker.csproj]
/home/gadmin/it_system_new_gen/Services/WarehouseBusinessLogicService.cs(697,17): warning CS0219: The variable 'serviceLevel' is assigned but its value is never used [/home/gadmin/it_system_new_gen/HospitalAssetTracker.csproj]
/home/gadmin/it_system_new_gen/Services/ProcurementBusinessLogicService.cs(481,31): error CS1501: No overload for method 'CalculateSpendTrends' takes 2 arguments [/home/gadmin/it_system_new_gen/HospitalAssetTracker.csproj]
/home/gadmin/it_system_new_gen/Services/ProcurementBusinessLogicService.cs(482,29): error CS1501: No overload for method 'DetectSpendAnomalies' takes 2 arguments [/home/gadmin/it_system_new_gen/HospitalAssetTracker.csproj]
/home/gadmin/it_system_new_gen/Services/ProcurementBusinessLogicService.cs(490,36): error CS7036: There is no argument given that corresponds to the required parameter 'vendorSpend' of 'ProcurementBusinessLogicService.GenerateSpendInsights(Dictionary<string, decimal>, Dictionary<string, decimal>)' [/home/gadmin/it_system_new_gen/HospitalAssetTracker.csproj]
/home/gadmin/it_system_new_gen/Services/ProcurementBusinessLogicService.cs(491,48): error CS7036: There is no argument given that corresponds to the required parameter 'anomalies' of 'ProcurementBusinessLogicService.IdentifySpendOptimizationOpportunities(Dictionary<string, decimal>, List<SpendAnomaly>)' [/home/gadmin/it_system_new_gen/HospitalAssetTracker.csproj]
/home/gadmin/it_system_new_gen/Services/ProcurementService.cs(410,31): warning CS8602: Dereference of a possibly null reference. [/home/gadmin/it_system_new_gen/HospitalAssetTracker.csproj]
/home/gadmin/it_system_new_gen/Services/WarehouseBusinessLogicService.cs(775,51): warning CS1998: This async method lacks 'await' operators and will run synchronously. Consider using the 'await' operator to await non-blocking API calls, or 'await Task.Run(...)' to do CPU-bound work on a background thread. [/home/gadmin/it_system_new_gen/HospitalAssetTracker.csproj]
/home/gadmin/it_system_new_gen/Services/ProcurementBusinessLogicService.cs(526,43): error CS1061: 'ProcurementRequirements' does not contain a definition for 'GetAwaiter' and no accessible extension method 'GetAwaiter' accepting a first argument of type 'ProcurementRequirements' could be found (are you missing a using directive or an assembly reference?) [/home/gadmin/it_system_new_gen/HospitalAssetTracker.csproj]
/home/gadmin/it_system_new_gen/Services/RequestService.cs(404,28): warning CS1998: This async method lacks 'await' operators and will run synchronously. Consider using the 'await' operator to await non-blocking API calls, or 'await Task.Run(...)' to do CPU-bound work on a background thread. [/home/gadmin/it_system_new_gen/HospitalAssetTracker.csproj]
/home/gadmin/it_system_new_gen/Services/IntegratedBusinessLogicService.cs(769,33): warning CS0472: The result of the expression is always 'true' since a value of type 'int' is never equal to 'null' of type 'int?' [/home/gadmin/it_system_new_gen/HospitalAssetTracker.csproj]
/home/gadmin/it_system_new_gen/Services/ProcurementBusinessLogicService.cs(581,37): error CS0266: Cannot implicitly convert type 'decimal' to 'double'. An explicit conversion exists (are you missing a cast?) [/home/gadmin/it_system_new_gen/HospitalAssetTracker.csproj]
/home/gadmin/it_system_new_gen/Services/ProcurementBusinessLogicService.cs(612,36): warning CS1998: This async method lacks 'await' operators and will run synchronously. Consider using the 'await' operator to await non-blocking API calls, or 'await Task.Run(...)' to do CPU-bound work on a background thread. [/home/gadmin/it_system_new_gen/HospitalAssetTracker.csproj]
/home/gadmin/it_system_new_gen/Services/ProcurementService.cs(486,28): warning CS1998: This async method lacks 'await' operators and will run synchronously. Consider using the 'await' operator to await non-blocking API calls, or 'await Task.Run(...)' to do CPU-bound work on a background thread. [/home/gadmin/it_system_new_gen/HospitalAssetTracker.csproj]
/home/gadmin/it_system_new_gen/Services/ProcurementService.cs(545,34): warning CS1998: This async method lacks 'await' operators and will run synchronously. Consider using the 'await' operator to await non-blocking API calls, or 'await Task.Run(...)' to do CPU-bound work on a background thread. [/home/gadmin/it_system_new_gen/HospitalAssetTracker.csproj]
/home/gadmin/it_system_new_gen/Services/ProcurementService.cs(551,28): warning CS1998: This async method lacks 'await' operators and will run synchronously. Consider using the 'await' operator to await non-blocking API calls, or 'await Task.Run(...)' to do CPU-bound work on a background thread. [/home/gadmin/it_system_new_gen/HospitalAssetTracker.csproj]
/home/gadmin/it_system_new_gen/Services/IntegratedBusinessLogicService.cs(886,28): warning CS1998: This async method lacks 'await' operators and will run synchronously. Consider using the 'await' operator to await non-blocking API calls, or 'await Task.Run(...)' to do CPU-bound work on a background thread. [/home/gadmin/it_system_new_gen/HospitalAssetTracker.csproj]
/home/gadmin/it_system_new_gen/Services/ProcurementBusinessLogicService.cs(714,51): error CS0029: Cannot implicitly convert type 'decimal' to 'double' [/home/gadmin/it_system_new_gen/HospitalAssetTracker.csproj]
/home/gadmin/it_system_new_gen/Services/ProcurementBusinessLogicService.cs(720,48): error CS0029: Cannot implicitly convert type 'decimal' to 'double' [/home/gadmin/it_system_new_gen/HospitalAssetTracker.csproj]
/home/gadmin/it_system_new_gen/Services/RequestBusinessLogicService.cs(962,21): error CS0200: Property or indexer 'RequestOptimizationOpportunity.PotentialImpact' cannot be assigned to -- it is read only [/home/gadmin/it_system_new_gen/HospitalAssetTracker.csproj]
/home/gadmin/it_system_new_gen/Services/RequestBusinessLogicService.cs(963,21): error CS0200: Property or indexer 'RequestOptimizationOpportunity.EstimatedEffort' cannot be assigned to -- it is read only [/home/gadmin/it_system_new_gen/HospitalAssetTracker.csproj]
/home/gadmin/it_system_new_gen/Services/RequestBusinessLogicService.cs(964,32): error CS0029: Cannot implicitly convert type 'string' to 'int' [/home/gadmin/it_system_new_gen/HospitalAssetTracker.csproj]
/home/gadmin/it_system_new_gen/Services/RequestBusinessLogicService.cs(974,21): error CS0200: Property or indexer 'RequestOptimizationOpportunity.PotentialImpact' cannot be assigned to -- it is read only [/home/gadmin/it_system_new_gen/HospitalAssetTracker.csproj]
/home/gadmin/it_system_new_gen/Services/RequestBusinessLogicService.cs(975,21): error CS0200: Property or indexer 'RequestOptimizationOpportunity.EstimatedEffort' cannot be assigned to -- it is read only [/home/gadmin/it_system_new_gen/HospitalAssetTracker.csproj]
/home/gadmin/it_system_new_gen/Services/RequestBusinessLogicService.cs(976,32): error CS0029: Cannot implicitly convert type 'string' to 'int' [/home/gadmin/it_system_new_gen/HospitalAssetTracker.csproj]
/home/gadmin/it_system_new_gen/Services/IntegratedBusinessLogicService.cs(916,28): warning CS1998: This async method lacks 'await' operators and will run synchronously. Consider using the 'await' operator to await non-blocking API calls, or 'await Task.Run(...)' to do CPU-bound work on a background thread. [/home/gadmin/it_system_new_gen/HospitalAssetTracker.csproj]
/home/gadmin/it_system_new_gen/Services/IntegratedBusinessLogicService.cs(922,28): warning CS1998: This async method lacks 'await' operators and will run synchronously. Consider using the 'await' operator to await non-blocking API calls, or 'await Task.Run(...)' to do CPU-bound work on a background thread. [/home/gadmin/it_system_new_gen/HospitalAssetTracker.csproj]
/home/gadmin/it_system_new_gen/Services/IntegratedBusinessLogicService.cs(928,28): warning CS1998: This async method lacks 'await' operators and will run synchronously. Consider using the 'await' operator to await non-blocking API calls, or 'await Task.Run(...)' to do CPU-bound work on a background thread. [/home/gadmin/it_system_new_gen/HospitalAssetTracker.csproj]
/home/gadmin/it_system_new_gen/Services/RequestBusinessLogicService.cs(990,40): error CS0029: Cannot implicitly convert type 'System.Collections.Generic.List<double>' to 'System.Collections.Generic.List<string>' [/home/gadmin/it_system_new_gen/HospitalAssetTracker.csproj]
/home/gadmin/it_system_new_gen/Services/RequestBusinessLogicService.cs(1004,36): error CS0029: Cannot implicitly convert type 'string' to 'double' [/home/gadmin/it_system_new_gen/HospitalAssetTracker.csproj]
/home/gadmin/it_system_new_gen/Services/RequestBusinessLogicService.cs(1005,38): error CS0029: Cannot implicitly convert type 'string' to 'double' [/home/gadmin/it_system_new_gen/HospitalAssetTracker.csproj]
/home/gadmin/it_system_new_gen/Services/RequestBusinessLogicService.cs(1016,36): error CS0029: Cannot implicitly convert type 'string' to 'double' [/home/gadmin/it_system_new_gen/HospitalAssetTracker.csproj]
/home/gadmin/it_system_new_gen/Services/RequestBusinessLogicService.cs(1017,38): error CS0029: Cannot implicitly convert type 'string' to 'double' [/home/gadmin/it_system_new_gen/HospitalAssetTracker.csproj]
/home/gadmin/it_system_new_gen/Services/RequestBusinessLogicService.cs(1145,86): warning CS8604: Possible null reference argument for parameter 'description' in 'bool RequestBusinessLogicService.HasCriticalKeywords(string description)'. [/home/gadmin/it_system_new_gen/HospitalAssetTracker.csproj]
/home/gadmin/it_system_new_gen/Services/ProcurementBusinessLogicService.cs(843,79): warning CS8629: Nullable value type may be null. [/home/gadmin/it_system_new_gen/HospitalAssetTracker.csproj]
/home/gadmin/it_system_new_gen/Services/ProcurementBusinessLogicService.cs(844,89): warning CS8629: Nullable value type may be null. [/home/gadmin/it_system_new_gen/HospitalAssetTracker.csproj]
/home/gadmin/it_system_new_gen/Services/RequestBusinessLogicService.cs(1170,17): error CS0019: Operator '>' cannot be applied to operands of type 'double' and 'TimeSpan' [/home/gadmin/it_system_new_gen/HospitalAssetTracker.csproj]
/home/gadmin/it_system_new_gen/Services/RequestBusinessLogicService.cs(1176,24): error CS1061: 'QualityAssuranceResult' does not contain a definition for 'FirstCallResolutionRate' and no accessible extension method 'FirstCallResolutionRate' accepting a first argument of type 'QualityAssuranceResult' could be found (are you missing a using directive or an assembly reference?) [/home/gadmin/it_system_new_gen/HospitalAssetTracker.csproj]
/home/gadmin/it_system_new_gen/Services/RequestBusinessLogicService.cs(1189,47): warning CS1998: This async method lacks 'await' operators and will run synchronously. Consider using the 'await' operator to await non-blocking API calls, or 'await Task.Run(...)' to do CPU-bound work on a background thread. [/home/gadmin/it_system_new_gen/HospitalAssetTracker.csproj]
/home/gadmin/it_system_new_gen/Services/ProcurementBusinessLogicService.cs(865,32): error CS0029: Cannot implicitly convert type 'string' to 'HospitalAssetTracker.Models.ProcurementCategory' [/home/gadmin/it_system_new_gen/HospitalAssetTracker.csproj]
/home/gadmin/it_system_new_gen/Services/ProcurementBusinessLogicService.cs(861,86): warning CS8629: Nullable value type may be null. [/home/gadmin/it_system_new_gen/HospitalAssetTracker.csproj]
/home/gadmin/it_system_new_gen/Services/RequestBusinessLogicService.cs(1219,47): warning CS1998: This async method lacks 'await' operators and will run synchronously. Consider using the 'await' operator to await non-blocking API calls, or 'await Task.Run(...)' to do CPU-bound work on a background thread. [/home/gadmin/it_system_new_gen/HospitalAssetTracker.csproj]
/home/gadmin/it_system_new_gen/Services/RequestBusinessLogicService.cs(1244,47): warning CS1998: This async method lacks 'await' operators and will run synchronously. Consider using the 'await' operator to await non-blocking API calls, or 'await Task.Run(...)' to do CPU-bound work on a background thread. [/home/gadmin/it_system_new_gen/HospitalAssetTracker.csproj]
/home/gadmin/it_system_new_gen/Services/ProcurementBusinessLogicService.cs(1013,36): error CS0029: Cannot implicitly convert type 'string' to 'System.DateTime' [/home/gadmin/it_system_new_gen/HospitalAssetTracker.csproj]
/home/gadmin/it_system_new_gen/Services/ProcurementBusinessLogicService.cs(1014,36): error CS0266: Cannot implicitly convert type 'decimal?' to 'decimal'. An explicit conversion exists (are you missing a cast?) [/home/gadmin/it_system_new_gen/HospitalAssetTracker.csproj]
/home/gadmin/it_system_new_gen/Services/ProcurementBusinessLogicService.cs(1014,36): warning CS8629: Nullable value type may be null. [/home/gadmin/it_system_new_gen/HospitalAssetTracker.csproj]
/home/gadmin/it_system_new_gen/Services/ProcurementBusinessLogicService.cs(1036,30): error CS0266: Cannot implicitly convert type 'decimal?' to 'decimal'. An explicit conversion exists (are you missing a cast?) [/home/gadmin/it_system_new_gen/HospitalAssetTracker.csproj]
/home/gadmin/it_system_new_gen/Services/ProcurementBusinessLogicService.cs(1039,32): error CS0029: Cannot implicitly convert type 'string' to 'double' [/home/gadmin/it_system_new_gen/HospitalAssetTracker.csproj]
/home/gadmin/it_system_new_gen/Services/ProcurementBusinessLogicService.cs(1026,72): warning CS8629: Nullable value type may be null. [/home/gadmin/it_system_new_gen/HospitalAssetTracker.csproj]
/home/gadmin/it_system_new_gen/Services/ProcurementBusinessLogicService.cs(1029,57): warning CS8629: Nullable value type may be null. [/home/gadmin/it_system_new_gen/HospitalAssetTracker.csproj]
/home/gadmin/it_system_new_gen/Services/ProcurementBusinessLogicService.cs(1036,30): warning CS8629: Nullable value type may be null. [/home/gadmin/it_system_new_gen/HospitalAssetTracker.csproj]
/home/gadmin/it_system_new_gen/Services/AssetService.cs(1138,109): warning CS8629: Nullable value type may be null. [/home/gadmin/it_system_new_gen/HospitalAssetTracker.csproj]
/home/gadmin/it_system_new_gen/Services/ProcurementBusinessLogicService.cs(1118,17): error CS0117: 'ProcurementRequest' does not contain a definition for 'Type' [/home/gadmin/it_system_new_gen/HospitalAssetTracker.csproj]
/home/gadmin/it_system_new_gen/Services/ProcurementBusinessLogicService.cs(1118,40): error CS0117: 'ProcurementType' does not contain a definition for 'Purchase' [/home/gadmin/it_system_new_gen/HospitalAssetTracker.csproj]
/home/gadmin/it_system_new_gen/Services/ProcurementBusinessLogicService.cs(1124,17): error CS0117: 'ProcurementRequest' does not contain a definition for 'CreatedByUserId' [/home/gadmin/it_system_new_gen/HospitalAssetTracker.csproj]
/home/gadmin/it_system_new_gen/Services/ProcurementBusinessLogicService.cs(1124,43): error CS1061: 'ITRequest' does not contain a definition for 'CreatedByUserId' and no accessible extension method 'CreatedByUserId' accepting a first argument of type 'ITRequest' could be found (are you missing a using directive or an assembly reference?) [/home/gadmin/it_system_new_gen/HospitalAssetTracker.csproj]
/home/gadmin/it_system_new_gen/Services/ProcurementBusinessLogicService.cs(1142,65): error CS0117: 'ProcurementPriority' does not contain a definition for 'Urgent' [/home/gadmin/it_system_new_gen/HospitalAssetTracker.csproj]
/home/gadmin/it_system_new_gen/Services/ProcurementBusinessLogicService.cs(1155,20): error CS0019: Operator '??' cannot be applied to operands of type 'decimal' and 'double' [/home/gadmin/it_system_new_gen/HospitalAssetTracker.csproj]
/home/gadmin/it_system_new_gen/Services/ProcurementBusinessLogicService.cs(1162,20): error CS0019: Operator '??' cannot be applied to operands of type 'decimal' and 'double' [/home/gadmin/it_system_new_gen/HospitalAssetTracker.csproj]
/home/gadmin/it_system_new_gen/Services/ProcurementBusinessLogicService.cs(1169,20): error CS0019: Operator '??' cannot be applied to operands of type 'decimal' and 'double' [/home/gadmin/it_system_new_gen/HospitalAssetTracker.csproj]
/home/gadmin/it_system_new_gen/Services/InventoryService.cs(1603,21): error CS0200: Property or indexer 'InventoryMovement.UserId' cannot be assigned to -- it is read only [/home/gadmin/it_system_new_gen/HospitalAssetTracker.csproj]
/home/gadmin/it_system_new_gen/Services/InventoryService.cs(1605,21): error CS0200: Property or indexer 'InventoryMovement.ItemCodeAtTime' cannot be assigned to -- it is read only [/home/gadmin/it_system_new_gen/HospitalAssetTracker.csproj]
/home/gadmin/it_system_new_gen/Services/InventoryService.cs(1606,21): error CS0200: Property or indexer 'InventoryMovement.ItemNameAtTime' cannot be assigned to -- it is read only [/home/gadmin/it_system_new_gen/HospitalAssetTracker.csproj]
/home/gadmin/it_system_new_gen/Services/InventoryService.cs(1607,21): error CS0200: Property or indexer 'InventoryMovement.UnitCostAtTime' cannot be assigned to -- it is read only [/home/gadmin/it_system_new_gen/HospitalAssetTracker.csproj]
/home/gadmin/it_system_new_gen/Services/InventoryService.cs(1608,21): error CS0200: Property or indexer 'InventoryMovement.LocationIdAtTime' cannot be assigned to -- it is read only [/home/gadmin/it_system_new_gen/HospitalAssetTracker.csproj]
/home/gadmin/it_system_new_gen/Services/InventoryService.cs(1609,21): error CS0200: Property or indexer 'InventoryMovement.StatusAtTime' cannot be assigned to -- it is read only [/home/gadmin/it_system_new_gen/HospitalAssetTracker.csproj]
/home/gadmin/it_system_new_gen/Services/InventoryService.cs(1610,21): error CS0200: Property or indexer 'InventoryMovement.ConditionAtTime' cannot be assigned to -- it is read only [/home/gadmin/it_system_new_gen/HospitalAssetTracker.csproj]
/home/gadmin/it_system_new_gen/Services/InventoryService.cs(1615,17): error CS0200: Property or indexer 'InventoryItem.LastModifiedDate' cannot be assigned to -- it is read only [/home/gadmin/it_system_new_gen/HospitalAssetTracker.csproj]
/home/gadmin/it_system_new_gen/Services/InventoryService.cs(1616,17): error CS0200: Property or indexer 'InventoryItem.LastModifiedBy' cannot be assigned to -- it is read only [/home/gadmin/it_system_new_gen/HospitalAssetTracker.csproj]
/home/gadmin/it_system_new_gen/Services/InventoryService.cs(1607,38): warning CS8629: Nullable value type may be null. [/home/gadmin/it_system_new_gen/HospitalAssetTracker.csproj]

Build FAILED.

/home/gadmin/it_system_new_gen/Services/IProcurementBusinessLogicService.cs(63,86): warning CS8625: Cannot convert null literal to non-nullable reference type. [/home/gadmin/it_system_new_gen/HospitalAssetTracker.csproj]
/home/gadmin/it_system_new_gen/Services/ProcurementBusinessLogicService.cs(411,99): warning CS8625: Cannot convert null literal to non-nullable reference type. [/home/gadmin/it_system_new_gen/HospitalAssetTracker.csproj]
/home/gadmin/it_system_new_gen/Controllers/ProcurementDashboardController.cs(60,37): warning CS8601: Possible null reference assignment. [/home/gadmin/it_system_new_gen/HospitalAssetTracker.csproj]
/home/gadmin/it_system_new_gen/Controllers/RequestsController.cs(58,69): warning CS8604: Possible null reference argument for parameter 'userId' in 'Task<List<ITRequest>> IRequestService.GetMyRequestsAsync(string userId)'. [/home/gadmin/it_system_new_gen/HospitalAssetTracker.csproj]
/home/gadmin/it_system_new_gen/Controllers/RequestDashboardController.cs(58,79): warning CS8604: Possible null reference argument for parameter 'userId' in 'Task<List<ITRequest>> IRequestService.GetMyRequestsAsync(string userId)'. [/home/gadmin/it_system_new_gen/HospitalAssetTracker.csproj]
/home/gadmin/it_system_new_gen/Controllers/RequestsController.cs(67,75): warning CS8604: Possible null reference argument for parameter 'userId' in 'Task<List<ITRequest>> IRequestService.GetAssignedRequestsAsync(string userId)'. [/home/gadmin/it_system_new_gen/HospitalAssetTracker.csproj]
/home/gadmin/it_system_new_gen/Controllers/RequestsController.cs(82,62): warning CS8604: Possible null reference argument for parameter 'user' in 'Task<IList<string>> UserManager<ApplicationUser>.GetRolesAsync(ApplicationUser user)'. [/home/gadmin/it_system_new_gen/HospitalAssetTracker.csproj]
/home/gadmin/it_system_new_gen/Views/AssetImport/Results.cshtml(51,24): warning CS8604: Possible null reference argument for parameter 'source' in 'IEnumerable<AssetImportResult> Enumerable.Where<AssetImportResult>(IEnumerable<AssetImportResult> source, Func<AssetImportResult, bool> predicate)'. [/home/gadmin/it_system_new_gen/HospitalAssetTracker.csproj]
/home/gadmin/it_system_new_gen/Controllers/RequestsController.cs(114,71): warning CS8604: Possible null reference argument for parameter 'userId' in 'Task<ITRequest> IRequestService.CreateRequestAsync(ITRequest request, string userId)'. [/home/gadmin/it_system_new_gen/HospitalAssetTracker.csproj]
/home/gadmin/it_system_new_gen/Controllers/ProcurementDashboardController.cs(112,110): warning CS8604: Possible null reference argument for parameter 'initiatedByUserId' in 'Task<CostOptimizationResult> IProcurementBusinessLogicService.ExecuteCostOptimizationAsync(string initiatedByUserId)'. [/home/gadmin/it_system_new_gen/HospitalAssetTracker.csproj]
/home/gadmin/it_system_new_gen/Controllers/RequestDashboardController.cs(125,107): warning CS8604: Possible null reference argument for parameter 'routedByUserId' in 'Task<RequestRoutingResult> IRequestBusinessLogicService.RouteRequestIntelligentlyAsync(int requestId, string routedByUserId)'. [/home/gadmin/it_system_new_gen/HospitalAssetTracker.csproj]
/home/gadmin/it_system_new_gen/Controllers/RequestsController.cs(140,62): warning CS8604: Possible null reference argument for parameter 'user' in 'Task<IList<string>> UserManager<ApplicationUser>.GetRolesAsync(ApplicationUser user)'. [/home/gadmin/it_system_new_gen/HospitalAssetTracker.csproj]
/home/gadmin/it_system_new_gen/Controllers/ReportsController.cs(166,37): warning CS8629: Nullable value type may be null. [/home/gadmin/it_system_new_gen/HospitalAssetTracker.csproj]
/home/gadmin/it_system_new_gen/Controllers/ProcurementController.cs(119,90): warning CS8604: Possible null reference argument for parameter 'userId' in 'Task<ProcurementRequest> IProcurementService.CreateProcurementRequestAsync(ProcurementRequest procurement, string userId)'. [/home/gadmin/it_system_new_gen/HospitalAssetTracker.csproj]
/home/gadmin/it_system_new_gen/Controllers/ProcurementDashboardController.cs(208,117): warning CS8604: Possible null reference argument for parameter 'processorUserId' in 'Task<EmergencyProcurementResult> IProcurementBusinessLogicService.ProcessEmergencyProcurementAsync(EmergencyProcurementRequest request, string processorUserId)'. [/home/gadmin/it_system_new_gen/HospitalAssetTracker.csproj]
/home/gadmin/it_system_new_gen/Controllers/RequestsController.cs(174,71): warning CS8604: Possible null reference argument for parameter 'userId' in 'Task<ITRequest> IRequestService.UpdateRequestAsync(ITRequest request, string userId)'. [/home/gadmin/it_system_new_gen/HospitalAssetTracker.csproj]
/home/gadmin/it_system_new_gen/Controllers/RequestsController.cs(198,94): warning CS8604: Possible null reference argument for parameter 'currentUserId' in 'Task<bool> IRequestService.AssignRequestAsync(int requestId, string assignedToUserId, string currentUserId)'. [/home/gadmin/it_system_new_gen/HospitalAssetTracker.csproj]
/home/gadmin/it_system_new_gen/Controllers/RequestDashboardController.cs(186,112): warning CS8604: Possible null reference argument for parameter 'initiatedByUserId' in 'Task<ResourceOptimizationResult> IRequestBusinessLogicService.OptimizeResourceUtilizationAsync(string initiatedByUserId)'. [/home/gadmin/it_system_new_gen/HospitalAssetTracker.csproj]
/home/gadmin/it_system_new_gen/Controllers/RequestsController.cs(226,77): warning CS8604: Possible null reference argument for parameter 'approverId' in 'Task<bool> IRequestService.ApproveRequestAsync(int requestId, string approverId, string? comments = null)'. [/home/gadmin/it_system_new_gen/HospitalAssetTracker.csproj]
/home/gadmin/it_system_new_gen/Views/Assets/History.cshtml(9,44): warning CS8602: Dereference of a possibly null reference. [/home/gadmin/it_system_new_gen/HospitalAssetTracker.csproj]
/home/gadmin/it_system_new_gen/Controllers/RequestsController.cs(254,78): warning CS8604: Possible null reference argument for parameter 'completedById' in 'Task<bool> IRequestService.CompleteRequestAsync(int requestId, string completedById, string? completionNotes = null)'. [/home/gadmin/it_system_new_gen/HospitalAssetTracker.csproj]
/home/gadmin/it_system_new_gen/Controllers/ProcurementController.cs(174,90): warning CS8604: Possible null reference argument for parameter 'userId' in 'Task<ProcurementRequest> IProcurementService.UpdateProcurementRequestAsync(ProcurementRequest procurement, string userId)'. [/home/gadmin/it_system_new_gen/HospitalAssetTracker.csproj]
/home/gadmin/it_system_new_gen/Services/AuditService.cs(84,21): warning CS8602: Dereference of a possibly null reference. [/home/gadmin/it_system_new_gen/HospitalAssetTracker.csproj]
/home/gadmin/it_system_new_gen/Controllers/RequestDashboardController.cs(230,104): warning CS8604: Possible null reference argument for parameter 'initiatedByUserId' in 'Task<ResourceOptimizationResult> IRequestBusinessLogicService.OptimizeResourceUtilizationAsync(string initiatedByUserId)'. [/home/gadmin/it_system_new_gen/HospitalAssetTracker.csproj]
/home/gadmin/it_system_new_gen/Controllers/ProcurementController.cs(197,84): warning CS8604: Possible null reference argument for parameter 'userId' in 'Task<bool> IProcurementService.SubmitForApprovalAsync(int procurementId, string userId)'. [/home/gadmin/it_system_new_gen/HospitalAssetTracker.csproj]
/home/gadmin/it_system_new_gen/Controllers/ProcurementController.cs(225,85): warning CS8604: Possible null reference argument for parameter 'approverId' in 'Task<bool> IProcurementService.ApproveProcurementAsync(int procurementId, string approverId, string? comments = null)'. [/home/gadmin/it_system_new_gen/HospitalAssetTracker.csproj]
/home/gadmin/it_system_new_gen/Controllers/WarehouseDashboardController.cs(328,59): warning CS1998: This async method lacks 'await' operators and will run synchronously. Consider using the 'await' operator to await non-blocking API calls, or 'await Task.Run(...)' to do CPU-bound work on a background thread. [/home/gadmin/it_system_new_gen/HospitalAssetTracker.csproj]
/home/gadmin/it_system_new_gen/Controllers/WarehouseDashboardController.cs(334,44): warning CS1998: This async method lacks 'await' operators and will run synchronously. Consider using the 'await' operator to await non-blocking API calls, or 'await Task.Run(...)' to do CPU-bound work on a background thread. [/home/gadmin/it_system_new_gen/HospitalAssetTracker.csproj]
/home/gadmin/it_system_new_gen/Controllers/ProcurementController.cs(286,89): warning CS8604: Possible null reference argument for parameter 'receivedById' in 'Task<bool> IProcurementService.ReceiveProcurementAsync(int procurementId, string receivedById, List<ProcurementItemReceived> receivedItems)'. [/home/gadmin/it_system_new_gen/HospitalAssetTracker.csproj]
/home/gadmin/it_system_new_gen/Controllers/WarehouseDashboardController.cs(345,49): warning CS1998: This async method lacks 'await' operators and will run synchronously. Consider using the 'await' operator to await non-blocking API calls, or 'await Task.Run(...)' to do CPU-bound work on a background thread. [/home/gadmin/it_system_new_gen/HospitalAssetTracker.csproj]
/home/gadmin/it_system_new_gen/Controllers/RequestDashboardController.cs(327,112): warning CS8604: Possible null reference argument for parameter 'orchestratorUserId' in 'Task<IntegrationOrchestrationResult> IRequestBusinessLogicService.OrchestrateCrossModuleWorkflowAsync(int requestId, string orchestratorUserId)'. [/home/gadmin/it_system_new_gen/HospitalAssetTracker.csproj]
/home/gadmin/it_system_new_gen/Controllers/ProcurementController.cs(338,73): warning CS8604: Possible null reference argument for parameter 'userId' in 'Task<Vendor> IProcurementService.CreateVendorAsync(Vendor vendor, string userId)'. [/home/gadmin/it_system_new_gen/HospitalAssetTracker.csproj]
/home/gadmin/it_system_new_gen/Services/AssetBusinessLogicService.cs(150,59): warning CS1998: This async method lacks 'await' operators and will run synchronously. Consider using the 'await' operator to await non-blocking API calls, or 'await Task.Run(...)' to do CPU-bound work on a background thread. [/home/gadmin/it_system_new_gen/HospitalAssetTracker.csproj]
/home/gadmin/it_system_new_gen/Controllers/AssetsController.cs(191,34): warning CS8601: Possible null reference assignment. [/home/gadmin/it_system_new_gen/HospitalAssetTracker.csproj]
/home/gadmin/it_system_new_gen/Controllers/AssetsController.cs(195,33): warning CS8601: Possible null reference assignment. [/home/gadmin/it_system_new_gen/HospitalAssetTracker.csproj]
/home/gadmin/it_system_new_gen/Views/Procurement/Index.cshtml(25,43): warning CS8602: Dereference of a possibly null reference. [/home/gadmin/it_system_new_gen/HospitalAssetTracker.csproj]
/home/gadmin/it_system_new_gen/Views/Procurement/Index.cshtml(35,45): warning CS8602: Dereference of a possibly null reference. [/home/gadmin/it_system_new_gen/HospitalAssetTracker.csproj]
/home/gadmin/it_system_new_gen/Views/Procurement/Index.cshtml(45,47): warning CS8602: Dereference of a possibly null reference. [/home/gadmin/it_system_new_gen/HospitalAssetTracker.csproj]
/home/gadmin/it_system_new_gen/Views/Procurement/Index.cshtml(55,45): warning CS8602: Dereference of a possibly null reference. [/home/gadmin/it_system_new_gen/HospitalAssetTracker.csproj]
/home/gadmin/it_system_new_gen/Views/Requests/Index.cshtml(25,43): warning CS8602: Dereference of a possibly null reference. [/home/gadmin/it_system_new_gen/HospitalAssetTracker.csproj]
/home/gadmin/it_system_new_gen/Views/Requests/Index.cshtml(35,45): warning CS8602: Dereference of a possibly null reference. [/home/gadmin/it_system_new_gen/HospitalAssetTracker.csproj]
/home/gadmin/it_system_new_gen/Views/Requests/Index.cshtml(45,47): warning CS8602: Dereference of a possibly null reference. [/home/gadmin/it_system_new_gen/HospitalAssetTracker.csproj]
/home/gadmin/it_system_new_gen/Services/AssetBusinessLogicService.cs(258,33): warning CS1998: This async method lacks 'await' operators and will run synchronously. Consider using the 'await' operator to await non-blocking API calls, or 'await Task.Run(...)' to do CPU-bound work on a background thread. [/home/gadmin/it_system_new_gen/HospitalAssetTracker.csproj]
/home/gadmin/it_system_new_gen/Services/AssetBusinessLogicService.cs(275,35): warning CS1998: This async method lacks 'await' operators and will run synchronously. Consider using the 'await' operator to await non-blocking API calls, or 'await Task.Run(...)' to do CPU-bound work on a background thread. [/home/gadmin/it_system_new_gen/HospitalAssetTracker.csproj]
/home/gadmin/it_system_new_gen/Services/AssetBusinessLogicService.cs(292,35): warning CS1998: This async method lacks 'await' operators and will run synchronously. Consider using the 'await' operator to await non-blocking API calls, or 'await Task.Run(...)' to do CPU-bound work on a background thread. [/home/gadmin/it_system_new_gen/HospitalAssetTracker.csproj]
/home/gadmin/it_system_new_gen/Views/Assets/Maintenance.cshtml(184,50): warning CS8629: Nullable value type may be null. [/home/gadmin/it_system_new_gen/HospitalAssetTracker.csproj]
/home/gadmin/it_system_new_gen/Views/Assets/Maintenance.cshtml(201,142): warning CS8629: Nullable value type may be null. [/home/gadmin/it_system_new_gen/HospitalAssetTracker.csproj]
/home/gadmin/it_system_new_gen/Views/Assets/Index.cshtml(29,43): warning CS8602: Dereference of a possibly null reference. [/home/gadmin/it_system_new_gen/HospitalAssetTracker.csproj]
/home/gadmin/it_system_new_gen/Views/Assets/Index.cshtml(39,43): warning CS8602: Dereference of a possibly null reference. [/home/gadmin/it_system_new_gen/HospitalAssetTracker.csproj]
/home/gadmin/it_system_new_gen/Views/Assets/Index.cshtml(49,43): warning CS8602: Dereference of a possibly null reference. [/home/gadmin/it_system_new_gen/HospitalAssetTracker.csproj]
/home/gadmin/it_system_new_gen/Services/AssetBusinessLogicService.cs(339,35): warning CS1998: This async method lacks 'await' operators and will run synchronously. Consider using the 'await' operator to await non-blocking API calls, or 'await Task.Run(...)' to do CPU-bound work on a background thread. [/home/gadmin/it_system_new_gen/HospitalAssetTracker.csproj]
/home/gadmin/it_system_new_gen/Services/WriteOffService.cs(298,96): warning CS8629: Nullable value type may be null. [/home/gadmin/it_system_new_gen/HospitalAssetTracker.csproj]
/home/gadmin/it_system_new_gen/Services/WriteOffService.cs(299,92): warning CS8629: Nullable value type may be null. [/home/gadmin/it_system_new_gen/HospitalAssetTracker.csproj]
/home/gadmin/it_system_new_gen/Services/ProcurementService.cs(41,40): warning CS8602: Dereference of a possibly null reference. [/home/gadmin/it_system_new_gen/HospitalAssetTracker.csproj]
/home/gadmin/it_system_new_gen/Services/ProcurementService.cs(91,81): warning CS8602: Dereference of a possibly null reference. [/home/gadmin/it_system_new_gen/HospitalAssetTracker.csproj]
/home/gadmin/it_system_new_gen/Services/ProcurementService.cs(91,117): warning CS8602: Dereference of a possibly null reference. [/home/gadmin/it_system_new_gen/HospitalAssetTracker.csproj]
/home/gadmin/it_system_new_gen/Services/WriteOffService.cs(326,96): warning CS8629: Nullable value type may be null. [/home/gadmin/it_system_new_gen/HospitalAssetTracker.csproj]
/home/gadmin/it_system_new_gen/Services/WriteOffService.cs(327,92): warning CS8629: Nullable value type may be null. [/home/gadmin/it_system_new_gen/HospitalAssetTracker.csproj]
/home/gadmin/it_system_new_gen/Services/AssetBusinessLogicService.cs(886,54): warning CS1998: This async method lacks 'await' operators and will run synchronously. Consider using the 'await' operator to await non-blocking API calls, or 'await Task.Run(...)' to do CPU-bound work on a background thread. [/home/gadmin/it_system_new_gen/HospitalAssetTracker.csproj]
/home/gadmin/it_system_new_gen/Services/AssetBusinessLogicService.cs(895,59): warning CS1998: This async method lacks 'await' operators and will run synchronously. Consider using the 'await' operator to await non-blocking API calls, or 'await Task.Run(...)' to do CPU-bound work on a background thread. [/home/gadmin/it_system_new_gen/HospitalAssetTracker.csproj]
/home/gadmin/it_system_new_gen/Services/AssetBusinessLogicService.cs(906,54): warning CS1998: This async method lacks 'await' operators and will run synchronously. Consider using the 'await' operator to await non-blocking API calls, or 'await Task.Run(...)' to do CPU-bound work on a background thread. [/home/gadmin/it_system_new_gen/HospitalAssetTracker.csproj]
/home/gadmin/it_system_new_gen/Services/AssetBusinessLogicService.cs(911,59): warning CS1998: This async method lacks 'await' operators and will run synchronously. Consider using the 'await' operator to await non-blocking API calls, or 'await Task.Run(...)' to do CPU-bound work on a background thread. [/home/gadmin/it_system_new_gen/HospitalAssetTracker.csproj]
/home/gadmin/it_system_new_gen/Services/AssetBusinessLogicService.cs(916,58): warning CS1998: This async method lacks 'await' operators and will run synchronously. Consider using the 'await' operator to await non-blocking API calls, or 'await Task.Run(...)' to do CPU-bound work on a background thread. [/home/gadmin/it_system_new_gen/HospitalAssetTracker.csproj]
/home/gadmin/it_system_new_gen/Services/AssetBusinessLogicService.cs(921,61): warning CS1998: This async method lacks 'await' operators and will run synchronously. Consider using the 'await' operator to await non-blocking API calls, or 'await Task.Run(...)' to do CPU-bound work on a background thread. [/home/gadmin/it_system_new_gen/HospitalAssetTracker.csproj]
/home/gadmin/it_system_new_gen/Services/AssetBusinessLogicService.cs(926,61): warning CS1998: This async method lacks 'await' operators and will run synchronously. Consider using the 'await' operator to await non-blocking API calls, or 'await Task.Run(...)' to do CPU-bound work on a background thread. [/home/gadmin/it_system_new_gen/HospitalAssetTracker.csproj]
/home/gadmin/it_system_new_gen/Services/AssetBusinessLogicService.cs(931,58): warning CS1998: This async method lacks 'await' operators and will run synchronously. Consider using the 'await' operator to await non-blocking API calls, or 'await Task.Run(...)' to do CPU-bound work on a background thread. [/home/gadmin/it_system_new_gen/HospitalAssetTracker.csproj]
/home/gadmin/it_system_new_gen/Services/AssetBusinessLogicService.cs(936,54): warning CS1998: This async method lacks 'await' operators and will run synchronously. Consider using the 'await' operator to await non-blocking API calls, or 'await Task.Run(...)' to do CPU-bound work on a background thread. [/home/gadmin/it_system_new_gen/HospitalAssetTracker.csproj]
/home/gadmin/it_system_new_gen/Services/AssetBusinessLogicService.cs(941,52): warning CS1998: This async method lacks 'await' operators and will run synchronously. Consider using the 'await' operator to await non-blocking API calls, or 'await Task.Run(...)' to do CPU-bound work on a background thread. [/home/gadmin/it_system_new_gen/HospitalAssetTracker.csproj]
/home/gadmin/it_system_new_gen/Services/AssetBusinessLogicService.cs(946,50): warning CS1998: This async method lacks 'await' operators and will run synchronously. Consider using the 'await' operator to await non-blocking API calls, or 'await Task.Run(...)' to do CPU-bound work on a background thread. [/home/gadmin/it_system_new_gen/HospitalAssetTracker.csproj]
/home/gadmin/it_system_new_gen/Services/AssetBusinessLogicService.cs(951,61): warning CS1998: This async method lacks 'await' operators and will run synchronously. Consider using the 'await' operator to await non-blocking API calls, or 'await Task.Run(...)' to do CPU-bound work on a background thread. [/home/gadmin/it_system_new_gen/HospitalAssetTracker.csproj]
/home/gadmin/it_system_new_gen/Services/RequestBusinessLogicService.cs(533,33): warning CS1998: This async method lacks 'await' operators and will run synchronously. Consider using the 'await' operator to await non-blocking API calls, or 'await Task.Run(...)' to do CPU-bound work on a background thread. [/home/gadmin/it_system_new_gen/HospitalAssetTracker.csproj]
/home/gadmin/it_system_new_gen/Services/AssetBusinessLogicService.cs(956,48): warning CS1998: This async method lacks 'await' operators and will run synchronously. Consider using the 'await' operator to await non-blocking API calls, or 'await Task.Run(...)' to do CPU-bound work on a background thread. [/home/gadmin/it_system_new_gen/HospitalAssetTracker.csproj]
/home/gadmin/it_system_new_gen/Services/AssetBusinessLogicService.cs(961,55): warning CS1998: This async method lacks 'await' operators and will run synchronously. Consider using the 'await' operator to await non-blocking API calls, or 'await Task.Run(...)' to do CPU-bound work on a background thread. [/home/gadmin/it_system_new_gen/HospitalAssetTracker.csproj]
/home/gadmin/it_system_new_gen/Services/AssetBusinessLogicService.cs(970,53): warning CS1998: This async method lacks 'await' operators and will run synchronously. Consider using the 'await' operator to await non-blocking API calls, or 'await Task.Run(...)' to do CPU-bound work on a background thread. [/home/gadmin/it_system_new_gen/HospitalAssetTracker.csproj]
/home/gadmin/it_system_new_gen/Services/AssetBusinessLogicService.cs(975,54): warning CS1998: This async method lacks 'await' operators and will run synchronously. Consider using the 'await' operator to await non-blocking API calls, or 'await Task.Run(...)' to do CPU-bound work on a background thread. [/home/gadmin/it_system_new_gen/HospitalAssetTracker.csproj]
/home/gadmin/it_system_new_gen/Services/AssetBusinessLogicService.cs(980,54): warning CS1998: This async method lacks 'await' operators and will run synchronously. Consider using the 'await' operator to await non-blocking API calls, or 'await Task.Run(...)' to do CPU-bound work on a background thread. [/home/gadmin/it_system_new_gen/HospitalAssetTracker.csproj]
/home/gadmin/it_system_new_gen/Services/AssetBusinessLogicService.cs(1006,65): warning CS1998: This async method lacks 'await' operators and will run synchronously. Consider using the 'await' operator to await non-blocking API calls, or 'await Task.Run(...)' to do CPU-bound work on a background thread. [/home/gadmin/it_system_new_gen/HospitalAssetTracker.csproj]
/home/gadmin/it_system_new_gen/Services/RequestBusinessLogicService.cs(590,42): warning CS1998: This async method lacks 'await' operators and will run synchronously. Consider using the 'await' operator to await non-blocking API calls, or 'await Task.Run(...)' to do CPU-bound work on a background thread. [/home/gadmin/it_system_new_gen/HospitalAssetTracker.csproj]
/home/gadmin/it_system_new_gen/Services/AssetBusinessLogicService.cs(1079,36): warning CS1998: This async method lacks 'await' operators and will run synchronously. Consider using the 'await' operator to await non-blocking API calls, or 'await Task.Run(...)' to do CPU-bound work on a background thread. [/home/gadmin/it_system_new_gen/HospitalAssetTracker.csproj]
/home/gadmin/it_system_new_gen/Services/AssetBusinessLogicService.cs(1093,53): warning CS1998: This async method lacks 'await' operators and will run synchronously. Consider using the 'await' operator to await non-blocking API calls, or 'await Task.Run(...)' to do CPU-bound work on a background thread. [/home/gadmin/it_system_new_gen/HospitalAssetTracker.csproj]
/home/gadmin/it_system_new_gen/Services/AssetBusinessLogicService.cs(1098,57): warning CS1998: This async method lacks 'await' operators and will run synchronously. Consider using the 'await' operator to await non-blocking API calls, or 'await Task.Run(...)' to do CPU-bound work on a background thread. [/home/gadmin/it_system_new_gen/HospitalAssetTracker.csproj]
/home/gadmin/it_system_new_gen/Services/AssetBusinessLogicService.cs(1103,56): warning CS1998: This async method lacks 'await' operators and will run synchronously. Consider using the 'await' operator to await non-blocking API calls, or 'await Task.Run(...)' to do CPU-bound work on a background thread. [/home/gadmin/it_system_new_gen/HospitalAssetTracker.csproj]
/home/gadmin/it_system_new_gen/Services/AssetBusinessLogicService.cs(1108,36): warning CS1998: This async method lacks 'await' operators and will run synchronously. Consider using the 'await' operator to await non-blocking API calls, or 'await Task.Run(...)' to do CPU-bound work on a background thread. [/home/gadmin/it_system_new_gen/HospitalAssetTracker.csproj]
/home/gadmin/it_system_new_gen/Services/WarehouseBusinessLogicService.cs(697,17): warning CS0219: The variable 'serviceLevel' is assigned but its value is never used [/home/gadmin/it_system_new_gen/HospitalAssetTracker.csproj]
/home/gadmin/it_system_new_gen/Services/ProcurementService.cs(410,31): warning CS8602: Dereference of a possibly null reference. [/home/gadmin/it_system_new_gen/HospitalAssetTracker.csproj]
/home/gadmin/it_system_new_gen/Services/WarehouseBusinessLogicService.cs(775,51): warning CS1998: This async method lacks 'await' operators and will run synchronously. Consider using the 'await' operator to await non-blocking API calls, or 'await Task.Run(...)' to do CPU-bound work on a background thread. [/home/gadmin/it_system_new_gen/HospitalAssetTracker.csproj]
/home/gadmin/it_system_new_gen/Services/RequestService.cs(404,28): warning CS1998: This async method lacks 'await' operators and will run synchronously. Consider using the 'await' operator to await non-blocking API calls, or 'await Task.Run(...)' to do CPU-bound work on a background thread. [/home/gadmin/it_system_new_gen/HospitalAssetTracker.csproj]
/home/gadmin/it_system_new_gen/Services/IntegratedBusinessLogicService.cs(769,33): warning CS0472: The result of the expression is always 'true' since a value of type 'int' is never equal to 'null' of type 'int?' [/home/gadmin/it_system_new_gen/HospitalAssetTracker.csproj]
/home/gadmin/it_system_new_gen/Services/ProcurementBusinessLogicService.cs(612,36): warning CS1998: This async method lacks 'await' operators and will run synchronously. Consider using the 'await' operator to await non-blocking API calls, or 'await Task.Run(...)' to do CPU-bound work on a background thread. [/home/gadmin/it_system_new_gen/HospitalAssetTracker.csproj]
/home/gadmin/it_system_new_gen/Services/ProcurementService.cs(486,28): warning CS1998: This async method lacks 'await' operators and will run synchronously. Consider using the 'await' operator to await non-blocking API calls, or 'await Task.Run(...)' to do CPU-bound work on a background thread. [/home/gadmin/it_system_new_gen/HospitalAssetTracker.csproj]
/home/gadmin/it_system_new_gen/Services/ProcurementService.cs(545,34): warning CS1998: This async method lacks 'await' operators and will run synchronously. Consider using the 'await' operator to await non-blocking API calls, or 'await Task.Run(...)' to do CPU-bound work on a background thread. [/home/gadmin/it_system_new_gen/HospitalAssetTracker.csproj]
/home/gadmin/it_system_new_gen/Services/ProcurementService.cs(551,28): warning CS1998: This async method lacks 'await' operators and will run synchronously. Consider using the 'await' operator to await non-blocking API calls, or 'await Task.Run(...)' to do CPU-bound work on a background thread. [/home/gadmin/it_system_new_gen/HospitalAssetTracker.csproj]
/home/gadmin/it_system_new_gen/Services/IntegratedBusinessLogicService.cs(886,28): warning CS1998: This async method lacks 'await' operators and will run synchronously. Consider using the 'await' operator to await non-blocking API calls, or 'await Task.Run(...)' to do CPU-bound work on a background thread. [/home/gadmin/it_system_new_gen/HospitalAssetTracker.csproj]
/home/gadmin/it_system_new_gen/Services/IntegratedBusinessLogicService.cs(916,28): warning CS1998: This async method lacks 'await' operators and will run synchronously. Consider using the 'await' operator to await non-blocking API calls, or 'await Task.Run(...)' to do CPU-bound work on a background thread. [/home/gadmin/it_system_new_gen/HospitalAssetTracker.csproj]
/home/gadmin/it_system_new_gen/Services/IntegratedBusinessLogicService.cs(922,28): warning CS1998: This async method lacks 'await' operators and will run synchronously. Consider using the 'await' operator to await non-blocking API calls, or 'await Task.Run(...)' to do CPU-bound work on a background thread. [/home/gadmin/it_system_new_gen/HospitalAssetTracker.csproj]
/home/gadmin/it_system_new_gen/Services/IntegratedBusinessLogicService.cs(928,28): warning CS1998: This async method lacks 'await' operators and will run synchronously. Consider using the 'await' operator to await non-blocking API calls, or 'await Task.Run(...)' to do CPU-bound work on a background thread. [/home/gadmin/it_system_new_gen/HospitalAssetTracker.csproj]
/home/gadmin/it_system_new_gen/Services/RequestBusinessLogicService.cs(1145,86): warning CS8604: Possible null reference argument for parameter 'description' in 'bool RequestBusinessLogicService.HasCriticalKeywords(string description)'. [/home/gadmin/it_system_new_gen/HospitalAssetTracker.csproj]
/home/gadmin/it_system_new_gen/Services/ProcurementBusinessLogicService.cs(843,79): warning CS8629: Nullable value type may be null. [/home/gadmin/it_system_new_gen/HospitalAssetTracker.csproj]
/home/gadmin/it_system_new_gen/Services/ProcurementBusinessLogicService.cs(844,89): warning CS8629: Nullable value type may be null. [/home/gadmin/it_system_new_gen/HospitalAssetTracker.csproj]
/home/gadmin/it_system_new_gen/Services/RequestBusinessLogicService.cs(1189,47): warning CS1998: This async method lacks 'await' operators and will run synchronously. Consider using the 'await' operator to await non-blocking API calls, or 'await Task.Run(...)' to do CPU-bound work on a background thread. [/home/gadmin/it_system_new_gen/HospitalAssetTracker.csproj]
/home/gadmin/it_system_new_gen/Services/ProcurementBusinessLogicService.cs(861,86): warning CS8629: Nullable value type may be null. [/home/gadmin/it_system_new_gen/HospitalAssetTracker.csproj]
/home/gadmin/it_system_new_gen/Services/RequestBusinessLogicService.cs(1219,47): warning CS1998: This async method lacks 'await' operators and will run synchronously. Consider using the 'await' operator to await non-blocking API calls, or 'await Task.Run(...)' to do CPU-bound work on a background thread. [/home/gadmin/it_system_new_gen/HospitalAssetTracker.csproj]
/home/gadmin/it_system_new_gen/Services/RequestBusinessLogicService.cs(1244,47): warning CS1998: This async method lacks 'await' operators and will run synchronously. Consider using the 'await' operator to await non-blocking API calls, or 'await Task.Run(...)' to do CPU-bound work on a background thread. [/home/gadmin/it_system_new_gen/HospitalAssetTracker.csproj]
/home/gadmin/it_system_new_gen/Services/ProcurementBusinessLogicService.cs(1014,36): warning CS8629: Nullable value type may be null. [/home/gadmin/it_system_new_gen/HospitalAssetTracker.csproj]
/home/gadmin/it_system_new_gen/Services/ProcurementBusinessLogicService.cs(1026,72): warning CS8629: Nullable value type may be null. [/home/gadmin/it_system_new_gen/HospitalAssetTracker.csproj]
/home/gadmin/it_system_new_gen/Services/ProcurementBusinessLogicService.cs(1029,57): warning CS8629: Nullable value type may be null. [/home/gadmin/it_system_new_gen/HospitalAssetTracker.csproj]
/home/gadmin/it_system_new_gen/Services/ProcurementBusinessLogicService.cs(1036,30): warning CS8629: Nullable value type may be null. [/home/gadmin/it_system_new_gen/HospitalAssetTracker.csproj]
/home/gadmin/it_system_new_gen/Services/AssetService.cs(1138,109): warning CS8629: Nullable value type may be null. [/home/gadmin/it_system_new_gen/HospitalAssetTracker.csproj]
/home/gadmin/it_system_new_gen/Services/InventoryService.cs(1607,38): warning CS8629: Nullable value type may be null. [/home/gadmin/it_system_new_gen/HospitalAssetTracker.csproj]
/home/gadmin/it_system_new_gen/Services/AssetBusinessLogicService.cs(542,46): error CS0029: Cannot implicitly convert type 'System.Collections.Generic.List<HospitalAssetTracker.Models.AssetOptimizationOpportunity>' to 'System.Collections.Generic.List<HospitalAssetTracker.Models.UnderutilizedAsset>' [/home/gadmin/it_system_new_gen/HospitalAssetTracker.csproj]
/home/gadmin/it_system_new_gen/Services/AssetBusinessLogicService.cs(555,46): error CS0029: Cannot implicitly convert type 'System.Collections.Generic.List<HospitalAssetTracker.Models.AssetOptimizationOpportunity>' to 'System.Collections.Generic.List<HospitalAssetTracker.Models.OverDemandScenario>' [/home/gadmin/it_system_new_gen/HospitalAssetTracker.csproj]
/home/gadmin/it_system_new_gen/Services/AssetBusinessLogicService.cs(567,54): error CS0029: Cannot implicitly convert type 'System.Collections.Generic.List<HospitalAssetTracker.Models.UtilizationOptimizationRecommendation>' to 'System.Collections.Generic.List<HospitalAssetTracker.Models.AssetOptimizationOpportunity>' [/home/gadmin/it_system_new_gen/HospitalAssetTracker.csproj]
/home/gadmin/it_system_new_gen/Services/AssetBusinessLogicService.cs(571,84): error CS1503: Argument 1: cannot convert from 'System.Collections.Generic.List<HospitalAssetTracker.Models.AssetOptimizationOpportunity>' to 'System.Collections.Generic.List<HospitalAssetTracker.Models.UtilizationOptimizationRecommendation>' [/home/gadmin/it_system_new_gen/HospitalAssetTracker.csproj]
/home/gadmin/it_system_new_gen/Services/AssetBusinessLogicService.cs(572,81): error CS1503: Argument 1: cannot convert from 'System.Collections.Generic.List<HospitalAssetTracker.Models.AssetOptimizationOpportunity>' to 'System.Collections.Generic.List<HospitalAssetTracker.Models.UtilizationOptimizationRecommendation>' [/home/gadmin/it_system_new_gen/HospitalAssetTracker.csproj]
/home/gadmin/it_system_new_gen/Services/RequestBusinessLogicService.cs(237,48): error CS1503: Argument 1: cannot convert from 'HospitalAssetTracker.Models.RequestCategoryForecast' to 'HospitalAssetTracker.Models.CategoryDemandForecast' [/home/gadmin/it_system_new_gen/HospitalAssetTracker.csproj]
/home/gadmin/it_system_new_gen/Services/RequestBusinessLogicService.cs(241,75): error CS1503: Argument 1: cannot convert from 'System.Collections.Generic.List<HospitalAssetTracker.Models.CategoryDemandForecast>' to 'System.Collections.Generic.List<HospitalAssetTracker.Models.RequestCategoryForecast>' [/home/gadmin/it_system_new_gen/HospitalAssetTracker.csproj]
/home/gadmin/it_system_new_gen/Services/RequestBusinessLogicService.cs(265,39): error CS0029: Cannot implicitly convert type 'HospitalAssetTracker.Models.WorkloadAnalysisResult' to 'HospitalAssetTracker.Models.WorkloadAnalysis' [/home/gadmin/it_system_new_gen/HospitalAssetTracker.csproj]
/home/gadmin/it_system_new_gen/Services/RequestBusinessLogicService.cs(276,75): error CS1503: Argument 1: cannot convert from 'HospitalAssetTracker.Models.WorkloadRebalancingPlan' to 'HospitalAssetTracker.Models.ResourceOptimizationResult' [/home/gadmin/it_system_new_gen/HospitalAssetTracker.csproj]
/home/gadmin/it_system_new_gen/Services/AssetBusinessLogicService.cs(686,50): error CS0029: Cannot implicitly convert type 'string' to 'System.Collections.Generic.List<string>' [/home/gadmin/it_system_new_gen/HospitalAssetTracker.csproj]
/home/gadmin/it_system_new_gen/Services/AssetBusinessLogicService.cs(747,50): error CS0029: Cannot implicitly convert type 'string' to 'System.Collections.Generic.List<string>' [/home/gadmin/it_system_new_gen/HospitalAssetTracker.csproj]
/home/gadmin/it_system_new_gen/Services/RequestBusinessLogicService.cs(443,60): error CS1503: Argument 2: cannot convert from 'HospitalAssetTracker.Models.IntegrationResult' to 'HospitalAssetTracker.Models.ModuleIntegrationResult' [/home/gadmin/it_system_new_gen/HospitalAssetTracker.csproj]
/home/gadmin/it_system_new_gen/Services/RequestBusinessLogicService.cs(448,60): error CS1503: Argument 2: cannot convert from 'HospitalAssetTracker.Models.IntegrationResult' to 'HospitalAssetTracker.Models.ModuleIntegrationResult' [/home/gadmin/it_system_new_gen/HospitalAssetTracker.csproj]
/home/gadmin/it_system_new_gen/Services/RequestBusinessLogicService.cs(454,66): error CS1503: Argument 2: cannot convert from 'HospitalAssetTracker.Models.IntegrationResult' to 'HospitalAssetTracker.Models.ModuleIntegrationResult' [/home/gadmin/it_system_new_gen/HospitalAssetTracker.csproj]
/home/gadmin/it_system_new_gen/Services/RequestBusinessLogicService.cs(772,17): error CS0019: Operator '>' cannot be applied to operands of type 'double' and 'TimeSpan' [/home/gadmin/it_system_new_gen/HospitalAssetTracker.csproj]
/home/gadmin/it_system_new_gen/Services/ProcurementBusinessLogicService.cs(481,31): error CS1501: No overload for method 'CalculateSpendTrends' takes 2 arguments [/home/gadmin/it_system_new_gen/HospitalAssetTracker.csproj]
/home/gadmin/it_system_new_gen/Services/ProcurementBusinessLogicService.cs(482,29): error CS1501: No overload for method 'DetectSpendAnomalies' takes 2 arguments [/home/gadmin/it_system_new_gen/HospitalAssetTracker.csproj]
/home/gadmin/it_system_new_gen/Services/ProcurementBusinessLogicService.cs(490,36): error CS7036: There is no argument given that corresponds to the required parameter 'vendorSpend' of 'ProcurementBusinessLogicService.GenerateSpendInsights(Dictionary<string, decimal>, Dictionary<string, decimal>)' [/home/gadmin/it_system_new_gen/HospitalAssetTracker.csproj]
/home/gadmin/it_system_new_gen/Services/ProcurementBusinessLogicService.cs(491,48): error CS7036: There is no argument given that corresponds to the required parameter 'anomalies' of 'ProcurementBusinessLogicService.IdentifySpendOptimizationOpportunities(Dictionary<string, decimal>, List<SpendAnomaly>)' [/home/gadmin/it_system_new_gen/HospitalAssetTracker.csproj]
/home/gadmin/it_system_new_gen/Services/ProcurementBusinessLogicService.cs(526,43): error CS1061: 'ProcurementRequirements' does not contain a definition for 'GetAwaiter' and no accessible extension method 'GetAwaiter' accepting a first argument of type 'ProcurementRequirements' could be found (are you missing a using directive or an assembly reference?) [/home/gadmin/it_system_new_gen/HospitalAssetTracker.csproj]
/home/gadmin/it_system_new_gen/Services/ProcurementBusinessLogicService.cs(581,37): error CS0266: Cannot implicitly convert type 'decimal' to 'double'. An explicit conversion exists (are you missing a cast?) [/home/gadmin/it_system_new_gen/HospitalAssetTracker.csproj]
/home/gadmin/it_system_new_gen/Services/ProcurementBusinessLogicService.cs(714,51): error CS0029: Cannot implicitly convert type 'decimal' to 'double' [/home/gadmin/it_system_new_gen/HospitalAssetTracker.csproj]
/home/gadmin/it_system_new_gen/Services/ProcurementBusinessLogicService.cs(720,48): error CS0029: Cannot implicitly convert type 'decimal' to 'double' [/home/gadmin/it_system_new_gen/HospitalAssetTracker.csproj]
/home/gadmin/it_system_new_gen/Services/RequestBusinessLogicService.cs(962,21): error CS0200: Property or indexer 'RequestOptimizationOpportunity.PotentialImpact' cannot be assigned to -- it is read only [/home/gadmin/it_system_new_gen/HospitalAssetTracker.csproj]
/home/gadmin/it_system_new_gen/Services/RequestBusinessLogicService.cs(963,21): error CS0200: Property or indexer 'RequestOptimizationOpportunity.EstimatedEffort' cannot be assigned to -- it is read only [/home/gadmin/it_system_new_gen/HospitalAssetTracker.csproj]
/home/gadmin/it_system_new_gen/Services/RequestBusinessLogicService.cs(964,32): error CS0029: Cannot implicitly convert type 'string' to 'int' [/home/gadmin/it_system_new_gen/HospitalAssetTracker.csproj]
/home/gadmin/it_system_new_gen/Services/RequestBusinessLogicService.cs(974,21): error CS0200: Property or indexer 'RequestOptimizationOpportunity.PotentialImpact' cannot be assigned to -- it is read only [/home/gadmin/it_system_new_gen/HospitalAssetTracker.csproj]
/home/gadmin/it_system_new_gen/Services/RequestBusinessLogicService.cs(975,21): error CS0200: Property or indexer 'RequestOptimizationOpportunity.EstimatedEffort' cannot be assigned to -- it is read only [/home/gadmin/it_system_new_gen/HospitalAssetTracker.csproj]
/home/gadmin/it_system_new_gen/Services/RequestBusinessLogicService.cs(976,32): error CS0029: Cannot implicitly convert type 'string' to 'int' [/home/gadmin/it_system_new_gen/HospitalAssetTracker.csproj]
/home/gadmin/it_system_new_gen/Services/RequestBusinessLogicService.cs(990,40): error CS0029: Cannot implicitly convert type 'System.Collections.Generic.List<double>' to 'System.Collections.Generic.List<string>' [/home/gadmin/it_system_new_gen/HospitalAssetTracker.csproj]
/home/gadmin/it_system_new_gen/Services/RequestBusinessLogicService.cs(1004,36): error CS0029: Cannot implicitly convert type 'string' to 'double' [/home/gadmin/it_system_new_gen/HospitalAssetTracker.csproj]
/home/gadmin/it_system_new_gen/Services/RequestBusinessLogicService.cs(1005,38): error CS0029: Cannot implicitly convert type 'string' to 'double' [/home/gadmin/it_system_new_gen/HospitalAssetTracker.csproj]
/home/gadmin/it_system_new_gen/Services/RequestBusinessLogicService.cs(1016,36): error CS0029: Cannot implicitly convert type 'string' to 'double' [/home/gadmin/it_system_new_gen/HospitalAssetTracker.csproj]
/home/gadmin/it_system_new_gen/Services/RequestBusinessLogicService.cs(1017,38): error CS0029: Cannot implicitly convert type 'string' to 'double' [/home/gadmin/it_system_new_gen/HospitalAssetTracker.csproj]
/home/gadmin/it_system_new_gen/Services/RequestBusinessLogicService.cs(1170,17): error CS0019: Operator '>' cannot be applied to operands of type 'double' and 'TimeSpan' [/home/gadmin/it_system_new_gen/HospitalAssetTracker.csproj]
/home/gadmin/it_system_new_gen/Services/RequestBusinessLogicService.cs(1176,24): error CS1061: 'QualityAssuranceResult' does not contain a definition for 'FirstCallResolutionRate' and no accessible extension method 'FirstCallResolutionRate' accepting a first argument of type 'QualityAssuranceResult' could be found (are you missing a using directive or an assembly reference?) [/home/gadmin/it_system_new_gen/HospitalAssetTracker.csproj]
/home/gadmin/it_system_new_gen/Services/ProcurementBusinessLogicService.cs(865,32): error CS0029: Cannot implicitly convert type 'string' to 'HospitalAssetTracker.Models.ProcurementCategory' [/home/gadmin/it_system_new_gen/HospitalAssetTracker.csproj]
/home/gadmin/it_system_new_gen/Services/ProcurementBusinessLogicService.cs(1013,36): error CS0029: Cannot implicitly convert type 'string' to 'System.DateTime' [/home/gadmin/it_system_new_gen/HospitalAssetTracker.csproj]
/home/gadmin/it_system_new_gen/Services/ProcurementBusinessLogicService.cs(1014,36): error CS0266: Cannot implicitly convert type 'decimal?' to 'decimal'. An explicit conversion exists (are you missing a cast?) [/home/gadmin/it_system_new_gen/HospitalAssetTracker.csproj]
/home/gadmin/it_system_new_gen/Services/ProcurementBusinessLogicService.cs(1036,30): error CS0266: Cannot implicitly convert type 'decimal?' to 'decimal'. An explicit conversion exists (are you missing a cast?) [/home/gadmin/it_system_new_gen/HospitalAssetTracker.csproj]
/home/gadmin/it_system_new_gen/Services/ProcurementBusinessLogicService.cs(1039,32): error CS0029: Cannot implicitly convert type 'string' to 'double' [/home/gadmin/it_system_new_gen/HospitalAssetTracker.csproj]
/home/gadmin/it_system_new_gen/Services/ProcurementBusinessLogicService.cs(1118,17): error CS0117: 'ProcurementRequest' does not contain a definition for 'Type' [/home/gadmin/it_system_new_gen/HospitalAssetTracker.csproj]
/home/gadmin/it_system_new_gen/Services/ProcurementBusinessLogicService.cs(1118,40): error CS0117: 'ProcurementType' does not contain a definition for 'Purchase' [/home/gadmin/it_system_new_gen/HospitalAssetTracker.csproj]
/home/gadmin/it_system_new_gen/Services/ProcurementBusinessLogicService.cs(1124,17): error CS0117: 'ProcurementRequest' does not contain a definition for 'CreatedByUserId' [/home/gadmin/it_system_new_gen/HospitalAssetTracker.csproj]
/home/gadmin/it_system_new_gen/Services/ProcurementBusinessLogicService.cs(1124,43): error CS1061: 'ITRequest' does not contain a definition for 'CreatedByUserId' and no accessible extension method 'CreatedByUserId' accepting a first argument of type 'ITRequest' could be found (are you missing a using directive or an assembly reference?) [/home/gadmin/it_system_new_gen/HospitalAssetTracker.csproj]
/home/gadmin/it_system_new_gen/Services/ProcurementBusinessLogicService.cs(1142,65): error CS0117: 'ProcurementPriority' does not contain a definition for 'Urgent' [/home/gadmin/it_system_new_gen/HospitalAssetTracker.csproj]
/home/gadmin/it_system_new_gen/Services/ProcurementBusinessLogicService.cs(1155,20): error CS0019: Operator '??' cannot be applied to operands of type 'decimal' and 'double' [/home/gadmin/it_system_new_gen/HospitalAssetTracker.csproj]
/home/gadmin/it_system_new_gen/Services/ProcurementBusinessLogicService.cs(1162,20): error CS0019: Operator '??' cannot be applied to operands of type 'decimal' and 'double' [/home/gadmin/it_system_new_gen/HospitalAssetTracker.csproj]
/home/gadmin/it_system_new_gen/Services/ProcurementBusinessLogicService.cs(1169,20): error CS0019: Operator '??' cannot be applied to operands of type 'decimal' and 'double' [/home/gadmin/it_system_new_gen/HospitalAssetTracker.csproj]
/home/gadmin/it_system_new_gen/Services/InventoryService.cs(1603,21): error CS0200: Property or indexer 'InventoryMovement.UserId' cannot be assigned to -- it is read only [/home/gadmin/it_system_new_gen/HospitalAssetTracker.csproj]
/home/gadmin/it_system_new_gen/Services/InventoryService.cs(1605,21): error CS0200: Property or indexer 'InventoryMovement.ItemCodeAtTime' cannot be assigned to -- it is read only [/home/gadmin/it_system_new_gen/HospitalAssetTracker.csproj]
/home/gadmin/it_system_new_gen/Services/InventoryService.cs(1606,21): error CS0200: Property or indexer 'InventoryMovement.ItemNameAtTime' cannot be assigned to -- it is read only [/home/gadmin/it_system_new_gen/HospitalAssetTracker.csproj]
/home/gadmin/it_system_new_gen/Services/InventoryService.cs(1607,21): error CS0200: Property or indexer 'InventoryMovement.UnitCostAtTime' cannot be assigned to -- it is read only [/home/gadmin/it_system_new_gen/HospitalAssetTracker.csproj]
/home/gadmin/it_system_new_gen/Services/InventoryService.cs(1608,21): error CS0200: Property or indexer 'InventoryMovement.LocationIdAtTime' cannot be assigned to -- it is read only [/home/gadmin/it_system_new_gen/HospitalAssetTracker.csproj]
/home/gadmin/it_system_new_gen/Services/InventoryService.cs(1609,21): error CS0200: Property or indexer 'InventoryMovement.StatusAtTime' cannot be assigned to -- it is read only [/home/gadmin/it_system_new_gen/HospitalAssetTracker.csproj]
/home/gadmin/it_system_new_gen/Services/InventoryService.cs(1610,21): error CS0200: Property or indexer 'InventoryMovement.ConditionAtTime' cannot be assigned to -- it is read only [/home/gadmin/it_system_new_gen/HospitalAssetTracker.csproj]
/home/gadmin/it_system_new_gen/Services/InventoryService.cs(1615,17): error CS0200: Property or indexer 'InventoryItem.LastModifiedDate' cannot be assigned to -- it is read only [/home/gadmin/it_system_new_gen/HospitalAssetTracker.csproj]
/home/gadmin/it_system_new_gen/Services/InventoryService.cs(1616,17): error CS0200: Property or indexer 'InventoryItem.LastModifiedBy' cannot be assigned to -- it is read only [/home/gadmin/it_system_new_gen/HospitalAssetTracker.csproj]
    109 Warning(s)
    58 Error(s)

Time Elapsed 00:00:04.02
